Archive member included to satisfy reference by file (symbol)

D:/STM32_project/STM32CubeIDE_1.16.1/STM32CubeIDE/plugins/com.st.stm32cube.ide.mcu.externaltools.gnu-tools-for-stm32.12.3.rel1.win32_1.0.200.202406191623/tools/bin/../lib/gcc/arm-none-eabi/12.3.1/../../../../arm-none-eabi/lib/thumb/v7-m/nofp\libc_nano.a(libc_a-exit.o)
                              D:/STM32_project/STM32CubeIDE_1.16.1/STM32CubeIDE/plugins/com.st.stm32cube.ide.mcu.externaltools.gnu-tools-for-stm32.12.3.rel1.win32_1.0.200.202406191623/tools/bin/../lib/gcc/arm-none-eabi/12.3.1/../../../../arm-none-eabi/lib/thumb/v7-m/nofp/crt0.o (exit)
D:/STM32_project/STM32CubeIDE_1.16.1/STM32CubeIDE/plugins/com.st.stm32cube.ide.mcu.externaltools.gnu-tools-for-stm32.12.3.rel1.win32_1.0.200.202406191623/tools/bin/../lib/gcc/arm-none-eabi/12.3.1/../../../../arm-none-eabi/lib/thumb/v7-m/nofp\libc_nano.a(libc_a-findfp.o)
                              D:/STM32_project/STM32CubeIDE_1.16.1/STM32CubeIDE/plugins/com.st.stm32cube.ide.mcu.externaltools.gnu-tools-for-stm32.12.3.rel1.win32_1.0.200.202406191623/tools/bin/../lib/gcc/arm-none-eabi/12.3.1/../../../../arm-none-eabi/lib/thumb/v7-m/nofp\libc_nano.a(libc_a-exit.o) (__stdio_exit_handler)
D:/STM32_project/STM32CubeIDE_1.16.1/STM32CubeIDE/plugins/com.st.stm32cube.ide.mcu.externaltools.gnu-tools-for-stm32.12.3.rel1.win32_1.0.200.202406191623/tools/bin/../lib/gcc/arm-none-eabi/12.3.1/../../../../arm-none-eabi/lib/thumb/v7-m/nofp\libc_nano.a(libc_a-fwalk.o)
                              D:/STM32_project/STM32CubeIDE_1.16.1/STM32CubeIDE/plugins/com.st.stm32cube.ide.mcu.externaltools.gnu-tools-for-stm32.12.3.rel1.win32_1.0.200.202406191623/tools/bin/../lib/gcc/arm-none-eabi/12.3.1/../../../../arm-none-eabi/lib/thumb/v7-m/nofp\libc_nano.a(libc_a-findfp.o) (_fwalk_sglue)
D:/STM32_project/STM32CubeIDE_1.16.1/STM32CubeIDE/plugins/com.st.stm32cube.ide.mcu.externaltools.gnu-tools-for-stm32.12.3.rel1.win32_1.0.200.202406191623/tools/bin/../lib/gcc/arm-none-eabi/12.3.1/../../../../arm-none-eabi/lib/thumb/v7-m/nofp\libc_nano.a(libc_a-printf.o)
                              ./Core/Hardware/usart_with_zdt.o (printf)
D:/STM32_project/STM32CubeIDE_1.16.1/STM32CubeIDE/plugins/com.st.stm32cube.ide.mcu.externaltools.gnu-tools-for-stm32.12.3.rel1.win32_1.0.200.202406191623/tools/bin/../lib/gcc/arm-none-eabi/12.3.1/../../../../arm-none-eabi/lib/thumb/v7-m/nofp\libc_nano.a(libc_a-puts.o)
                              ./Core/Hardware/Key.o (puts)
D:/STM32_project/STM32CubeIDE_1.16.1/STM32CubeIDE/plugins/com.st.stm32cube.ide.mcu.externaltools.gnu-tools-for-stm32.12.3.rel1.win32_1.0.200.202406191623/tools/bin/../lib/gcc/arm-none-eabi/12.3.1/../../../../arm-none-eabi/lib/thumb/v7-m/nofp\libc_nano.a(libc_a-stdio.o)
                              D:/STM32_project/STM32CubeIDE_1.16.1/STM32CubeIDE/plugins/com.st.stm32cube.ide.mcu.externaltools.gnu-tools-for-stm32.12.3.rel1.win32_1.0.200.202406191623/tools/bin/../lib/gcc/arm-none-eabi/12.3.1/../../../../arm-none-eabi/lib/thumb/v7-m/nofp\libc_nano.a(libc_a-findfp.o) (__sread)
D:/STM32_project/STM32CubeIDE_1.16.1/STM32CubeIDE/plugins/com.st.stm32cube.ide.mcu.externaltools.gnu-tools-for-stm32.12.3.rel1.win32_1.0.200.202406191623/tools/bin/../lib/gcc/arm-none-eabi/12.3.1/../../../../arm-none-eabi/lib/thumb/v7-m/nofp\libc_nano.a(libc_a-vsprintf.o)
                              ./Core/Hardware/OLED.o (vsprintf)
D:/STM32_project/STM32CubeIDE_1.16.1/STM32CubeIDE/plugins/com.st.stm32cube.ide.mcu.externaltools.gnu-tools-for-stm32.12.3.rel1.win32_1.0.200.202406191623/tools/bin/../lib/gcc/arm-none-eabi/12.3.1/../../../../arm-none-eabi/lib/thumb/v7-m/nofp\libc_nano.a(libc_a-wbuf.o)
                              D:/STM32_project/STM32CubeIDE_1.16.1/STM32CubeIDE/plugins/com.st.stm32cube.ide.mcu.externaltools.gnu-tools-for-stm32.12.3.rel1.win32_1.0.200.202406191623/tools/bin/../lib/gcc/arm-none-eabi/12.3.1/../../../../arm-none-eabi/lib/thumb/v7-m/nofp\libc_nano.a(libc_a-puts.o) (__swbuf_r)
D:/STM32_project/STM32CubeIDE_1.16.1/STM32CubeIDE/plugins/com.st.stm32cube.ide.mcu.externaltools.gnu-tools-for-stm32.12.3.rel1.win32_1.0.200.202406191623/tools/bin/../lib/gcc/arm-none-eabi/12.3.1/../../../../arm-none-eabi/lib/thumb/v7-m/nofp\libc_nano.a(libc_a-wsetup.o)
                              D:/STM32_project/STM32CubeIDE_1.16.1/STM32CubeIDE/plugins/com.st.stm32cube.ide.mcu.externaltools.gnu-tools-for-stm32.12.3.rel1.win32_1.0.200.202406191623/tools/bin/../lib/gcc/arm-none-eabi/12.3.1/../../../../arm-none-eabi/lib/thumb/v7-m/nofp\libc_nano.a(libc_a-puts.o) (__swsetup_r)
D:/STM32_project/STM32CubeIDE_1.16.1/STM32CubeIDE/plugins/com.st.stm32cube.ide.mcu.externaltools.gnu-tools-for-stm32.12.3.rel1.win32_1.0.200.202406191623/tools/bin/../lib/gcc/arm-none-eabi/12.3.1/../../../../arm-none-eabi/lib/thumb/v7-m/nofp\libc_nano.a(libc_a-memcmp.o)
                              ./Core/Hardware/OLED.o (memcmp)
[...]
Memory Configuration

Name             Origin             Length             Attributes
RAM              0x20000000         0x00005000         xrw
FLASH            0x08000000         0x00010000         xr
*default*        0x00000000         0xffffffff

Linker script and memory map

LOAD D:/STM32_project/STM32CubeIDE_1.16.1/STM32CubeIDE/plugins/com.st.stm32cube.ide.mcu.externaltools.gnu-tools-for-stm32.12.3.rel1.win32_1.0.200.202406191623/tools/bin/../lib/gcc/arm-none-eabi/12.3.1/thumb/v7-m/nofp/crti.o
LOAD D:/STM32_project/STM32CubeIDE_1.16.1/STM32CubeIDE/plugins/com.st.stm32cube.ide.mcu.externaltools.gnu-tools-for-stm32.12.3.rel1.win32_1.0.200.202406191623/tools/bin/../lib/gcc/arm-none-eabi/12.3.1/thumb/v7-m/nofp/crtbegin.o
LOAD D:/STM32_project/STM32CubeIDE_1.16.1/STM32CubeIDE/plugins/com.st.stm32cube.ide.mcu.externaltools.gnu-tools-for-stm32.12.3.rel1.win32_1.0.200.202406191623/tools/bin/../lib/gcc/arm-none-eabi/12.3.1/../../../../arm-none-eabi/lib/thumb/v7-m/nofp/crt0.o
LOAD ./Core/Hardware/ state_machine.o
LOAD ./Core/Hardware/ADC_pid.o
LOAD ./Core/Hardware/Encoder.o
LOAD ./Core/Hardware/Key.o
LOAD ./Core/Hardware/OLED.o
LOAD ./Core/Hardware/TOF050C.o
LOAD ./Core/Hardware/font.o
LOAD ./Core/Hardware/motor.o
LOAD ./Core/Hardware/pid.o
LOAD ./Core/Hardware/usart_with_zdt.o
LOAD ./Core/Src/adc.o
LOAD ./Core/Src/dma.o
LOAD ./Core/Src/gpio.o
LOAD ./Core/Src/i2c.o
LOAD ./Core/Src/main.o
LOAD ./Core/Src/stm32f1xx_hal_msp.o
LOAD ./Core/Src/stm32f1xx_it.o
LOAD ./Core/Src/syscalls.o
LOAD ./Core/Src/sysmem.o
LOAD ./Core/Src/system_stm32f1xx.o
LOAD ./Core/Src/tim.o
LOAD ./Core/Src/usart.o
LOAD ./Core/Startup/startup_stm32f103c8tx.o
LOAD ./Drivers/STM32F1xx_HAL_Driver/Src/stm32f1xx_hal.o
LOAD ./Drivers/STM32F1xx_HAL_Driver/Src/stm32f1xx_hal_adc.o
LOAD ./Drivers/STM32F1xx_HAL_Driver/Src/stm32f1xx_hal_adc_ex.o
LOAD ./Drivers/STM32F1xx_HAL_Driver/Src/stm32f1xx_hal_cortex.o
LOAD ./Drivers/STM32F1xx_HAL_Driver/Src/stm32f1xx_hal_dma.o
LOAD ./Drivers/STM32F1xx_HAL_Driver/Src/stm32f1xx_hal_exti.o
LOAD ./Drivers/STM32F1xx_HAL_Driver/Src/stm32f1xx_hal_flash.o
LOAD ./Drivers/STM32F1xx_HAL_Driver/Src/stm32f1xx_hal_flash_ex.o
LOAD ./Drivers/STM32F1xx_HAL_Driver/Src/stm32f1xx_hal_gpio.o
LOAD ./Drivers/STM32F1xx_HAL_Driver/Src/stm32f1xx_hal_gpio_ex.o
LOAD ./Drivers/STM32F1xx_HAL_Driver/Src/stm32f1xx_hal_i2c.o
LOAD ./Drivers/STM32F1xx_HAL_Driver/Src/stm32f1xx_hal_pwr.o
LOAD ./Drivers/STM32F1xx_HAL_Driver/Src/stm32f1xx_hal_rcc.o
LOAD ./Drivers/STM32F1xx_HAL_Driver/Src/stm32f1xx_hal_rcc_ex.o
LOAD ./Drivers/STM32F1xx_HAL_Driver/Src/stm32f1xx_hal_tim.o
LOAD ./Drivers/STM32F1xx_HAL_Driver/Src/stm32f1xx_hal_tim_ex.o
LOAD ./Drivers/STM32F1xx_HAL_Driver/Src/stm32f1xx_hal_uart.o
START GROUP
LOAD D:/STM32_project/STM32CubeIDE_1.16.1/STM32CubeIDE/plugins/com.st.stm32cube.ide.mcu.externaltools.gnu-tools-for-stm32.12.3.rel1.win32_1.0.200.202406191623/tools/bin/../lib/gcc/arm-none-eabi/12.3.1/../../../../arm-none-eabi/lib/thumb/v7-m/nofp\libc_nano.a
LOAD D:/STM32_project/STM32CubeIDE_1.16.1/STM32CubeIDE/plugins/com.st.stm32cube.ide.mcu.externaltools.gnu-tools-for-stm32.12.3.rel1.win32_1.0.200.202406191623/tools/bin/../lib/gcc/arm-none-eabi/12.3.1/../../../../arm-none-eabi/lib/thumb/v7-m/nofp\libm.a
END GROUP
START GROUP
LOAD D:/STM32_project/STM32CubeIDE_1.16.1/STM32CubeIDE/plugins/com.st.stm32cube.ide.mcu.externaltools.gnu-tools-for-stm32.12.3.rel1.win32_1.0.200.202406191623/tools/bin/../lib/gcc/arm-none-eabi/12.3.1/thumb/v7-m/nofp\libgcc.a
LOAD D:/STM32_project/STM32CubeIDE_1.16.1/STM32CubeIDE/plugins/com.st.stm32cube.ide.mcu.externaltools.gnu-tools-for-stm32.12.3.rel1.win32_1.0.200.202406191623/tools/bin/../lib/gcc/arm-none-eabi/12.3.1/../../../../arm-none-eabi/lib/thumb/v7-m/nofp\libc_nano.a
END GROUP
START GROUP
LOAD D:/STM32_project/STM32CubeIDE_1.16.1/STM32CubeIDE/plugins/com.st.stm32cube.ide.mcu.externaltools.gnu-tools-for-stm32.12.3.rel1.win32_1.0.200.202406191623/tools/bin/../lib/gcc/arm-none-eabi/12.3.1/thumb/v7-m/nofp\libgcc.a
LOAD D:/STM32_project/STM32CubeIDE_1.16.1/STM32CubeIDE/plugins/com.st.stm32cube.ide.mcu.externaltools.gnu-tools-for-stm32.12.3.rel1.win32_1.0.200.202406191623/tools/bin/../lib/gcc/arm-none-eabi/12.3.1/../../../../arm-none-eabi/lib/thumb/v7-m/nofp\libc_nano.a
LOAD D:/STM32_project/STM32CubeIDE_1.16.1/STM32CubeIDE/plugins/com.st.stm32cube.ide.mcu.externaltools.gnu-tools-for-stm32.12.3.rel1.win32_1.0.200.202406191623/tools/bin/../lib/gcc/arm-none-eabi/12.3.1/../../../../arm-none-eabi/lib/thumb/v7-m/nofp\libnosys.a
END GROUP
START GROUP
LOAD D:/STM32_project/STM32CubeIDE_1.16.1/STM32CubeIDE/plugins/com.st.stm32cube.ide.mcu.externaltools.gnu-tools-for-stm32.12.3.rel1.win32_1.0.200.202406191623/tools/bin/../lib/gcc/arm-none-eabi/12.3.1/thumb/v7-m/nofp\libgcc.a
LOAD D:/STM32_project/STM32CubeIDE_1.16.1/STM32CubeIDE/plugins/com.st.stm32cube.ide.mcu.externaltools.gnu-tools-for-stm32.12.3.rel1.win32_1.0.200.202406191623/tools/bin/../lib/gcc/arm-none-eabi/12.3.1/../../../../arm-none-eabi/lib/thumb/v7-m/nofp\libc_nano.a
LOAD D:/STM32_project/STM32CubeIDE_1.16.1/STM32CubeIDE/plugins/com.st.stm32cube.ide.mcu.externaltools.gnu-tools-for-stm32.12.3.rel1.win32_1.0.200.202406191623/tools/bin/../lib/gcc/arm-none-eabi/12.3.1/../../../../arm-none-eabi/lib/thumb/v7-m/nofp\libnosys.a
END GROUP
LOAD D:/STM32_project/STM32CubeIDE_1.16.1/STM32CubeIDE/plugins/com.st.stm32cube.ide.mcu.externaltools.gnu-tools-for-stm32.12.3.rel1.win32_1.0.200.202406191623/tools/bin/../lib/gcc/arm-none-eabi/12.3.1/thumb/v7-m/nofp/crtend.o
LOAD D:/STM32_project/STM32CubeIDE_1.16.1/STM32CubeIDE/plugins/com.st.stm32cube.ide.mcu.externaltools.gnu-tools-for-stm32.12.3.rel1.win32_1.0.200.202406191623/tools/bin/../lib/gcc/arm-none-eabi/12.3.1/thumb/v7-m/nofp/crtn.o
                0x20005000                        _estack = (ORIGIN (RAM) + LENGTH (RAM))
                0x00000200                        _Min_Heap_Size = 0x200
                0x00000400                        _Min_Stack_Size = 0x400

.isr_vector     0x08000000      0x10c
                0x08000000                        . = ALIGN (0x4)
 *(.isr_vector)
 .isr_vector    0x08000000      0x10c ./Core/Startup/startup_stm32f103c8tx.o
                0x08000000                g_pfnVectors
                0x0800010c                        . = ALIGN (0x4)

.text           0x0800010c     0x8b64
                0x0800010c                        . = ALIGN (0x4)
 *(.text)
 .text          0x0800010c       0x40 D:/STM32_project/STM32CubeIDE_1.16.1/STM32CubeIDE/plugins/com.st.stm32cube.ide.mcu.externaltools.gnu-tools-for-stm32.12.3.rel1.win32_1.0.200.202406191623/tools/bin/../lib/gcc/arm-none-eabi/12.3.1/thumb/v7-m/nofp/crtbegin.o
 .text          0x0800014c      0x21c D:/STM32_project/STM32CubeIDE_1.16.1/STM32CubeIDE/plugins/com.st.stm32cube.ide.mcu.externaltools.gnu-tools-for-stm32.12.3.rel1.win32_1.0.200.202406191623/tools/bin/../lib/gcc/arm-none-eabi/12.3.1/thumb/v7-m/nofp\libgcc.a(_arm_addsubsf3.o)
                0x0800014c                __aeabi_frsub
                0x08000154                __subsf3
                0x08000154                __aeabi_fsub
                0x08000158                __aeabi_fadd
                0x08000158                __addsf3
                0x080002b8                __aeabi_ui2f
                0x080002b8                __floatunsisf
                0x080002c0                __aeabi_i2f
                0x080002c0                __floatsisf
                0x080002dc                __aeabi_ul2f
                0x080002dc                __floatundisf
                0x080002ec                __aeabi_l2f
                0x080002ec                __floatdisf
 .text          0x08000368      0x2a0 D:/STM32_project/STM32CubeIDE_1.16.1/STM32CubeIDE/plugins/com.st.stm32cube.ide.mcu.externaltools.gnu-tools-for-stm32.12.3.rel1.win32_1.0.200.202406191623/tools/bin/../lib/gcc/arm-none-eabi/12.3.1/thumb/v7-m/nofp\libgcc.a(_arm_muldivsf3.o)
                0x08000368                __mulsf3
                0x08000368                __aeabi_fmul
                0x080004d0                __aeabi_fdiv
                0x080004d0                __divsf3
 .text          0x08000608       0x4c D:/STM32_project/STM32CubeIDE_1.16.1/STM32CubeIDE/plugins/com.st.stm32cube.ide.mcu.externaltools.gnu-tools-for-stm32.12.3.rel1.win32_1.0.200.202406191623/tools/bin/../lib/gcc/arm-none-eabi/12.3.1/thumb/v7-m/nofp\libgcc.a(_arm_fixsfsi.o)
                0x08000608                __aeabi_f2iz
                0x08000608                __fixsfsi
 .text          0x08000654       0x40 D:/STM32_project/STM32CubeIDE_1.16.1/STM32CubeIDE/plugins/com.st.stm32cube.ide.mcu.externaltools.gnu-tools-for-stm32.12.3.rel1.win32_1.0.200.202406191623/tools/bin/../lib/gcc/arm-none-eabi/12.3.1/thumb/v7-m/nofp\libgcc.a(_arm_fixunssfsi.o)
                0x08000654                __fixunssfsi
                0x08000654                __aeabi_f2uiz
 *(.text*)
 .text.Get_Time_Interval
                0x08000694       0x46 ./Core/Hardware/ state_machine.o
 *fill*         0x080006da        0x2 
 .text.TOF_pid_proc
                0x080006dc       0x64 ./Core/Hardware/ state_machine.o
 .text.callback_func_0
                0x08000740        0xc ./Core/Hardware/ state_machine.o
                0x08000740                callback_func_0
 .text.callback_func_1
                0x0800074c       0x20 ./Core/Hardware/ state_machine.o
                0x0800074c                callback_func_1
 .text.callback_func_2
                0x0800076c       0x20 ./Core/Hardware/ state_machine.o
                0x0800076c                callback_func_2
 .text.callback_func_3
                0x0800078c       0x74 ./Core/Hardware/ state_machine.o
                0x0800078c                callback_func_3
 .text.callback_func_4
                0x08000800       0x1c ./Core/Hardware/ state_machine.o
                0x08000800                callback_func_4
 .text.state_machine_init
                0x0800081c       0x64 ./Core/Hardware/ state_machine.o
                0x0800081c                state_machine_init
 .text.Encoder_Init
                0x08000880       0x14 ./Core/Hardware/Encoder.o
                0x08000880                Encoder_Init
 .text.Read_RawEncoder
                0x08000894       0x18 ./Core/Hardware/Encoder.o
 .text.Read_ProcessedEncoder
                0x080008ac       0x4c ./Core/Hardware/Encoder.o
                0x080008ac                Read_ProcessedEncoder
 .text.read_key1
                0x080008f8       0x30 ./Core/Hardware/Key.o
                0x080008f8                read_key1
 .text.read_key2
                0x08000928       0x20 ./Core/Hardware/Key.o
                0x08000928                read_key2
 .text.key0_single_click_callback
                0x08000948       0x58 ./Core/Hardware/Key.o
                0x08000948                key0_single_click_callback
 .text.key0_double_click_callback
                0x080009a0        0xc ./Core/Hardware/Key.o
                0x080009a0                key0_double_click_callback
 .text.key0_long_press_callback
                0x080009ac       0x48 ./Core/Hardware/Key.o
                0x080009ac                key0_long_press_callback
 .text.key1_single_click_callback
                0x080009f4       0x24 ./Core/Hardware/Key.o
                0x080009f4                key1_single_click_callback
 .text.key1_double_click_callback
                0x08000a18        0xc ./Core/Hardware/Key.o
                0x08000a18                key1_double_click_callback
 .text.key1_long_press_callback
                0x08000a24        0xc ./Core/Hardware/Key.o
                0x08000a24                key1_long_press_callback
 .text.key1_long_release_callback
                0x08000a30       0x14 ./Core/Hardware/Key.o
                0x08000a30                key1_long_release_callback
 .text.my_key_init
                0x08000a44       0xa0 ./Core/Hardware/Key.o
                0x08000a44                my_key_init
 .text.my_key_scan
                0x08000ae4      0x8e8 ./Core/Hardware/Key.o
                0x08000ae4                my_key_scan
 .text.HAL_TIM_PeriodElapsedCallback
                0x080013cc       0x20 ./Core/Hardware/Key.o
                0x080013cc                HAL_TIM_PeriodElapsedCallback
 .text.VL6180X_WR_CMD
                0x080013ec       0x44 ./Core/Hardware/TOF050C.o
                0x080013ec                VL6180X_WR_CMD
 .text.VL6180X_WR_CMD2
                0x08001430       0x50 ./Core/Hardware/TOF050C.o
                0x08001430                VL6180X_WR_CMD2
 .text.VL6180X_ReadByte
                0x08001480       0x54 ./Core/Hardware/TOF050C.o
                0x08001480                VL6180X_ReadByte
 .text.VL6180X_Init
                0x080014d4      0x1ac ./Core/Hardware/TOF050C.o
                0x080014d4                VL6180X_Init
 .text.VL6180X_SetScaling
                0x08001680       0xa8 ./Core/Hardware/TOF050C.o
                0x08001680                VL6180X_SetScaling
 .text.VL6180X_ConfigureDefault
                0x08001728       0x62 ./Core/Hardware/TOF050C.o
                0x08001728                VL6180X_ConfigureDefault
 .text.VL6180_Read_Range
                0x0800178a       0x1c ./Core/Hardware/TOF050C.o
 .text.VL6180X_Start_Range
                0x080017a6       0x12 ./Core/Hardware/TOF050C.o
                0x080017a6                VL6180X_Start_Range
 .text.VL6180X_Poll_Range
                0x080017b8       0x68 ./Core/Hardware/TOF050C.o
                0x080017b8                VL6180X_Poll_Range
 .text.VL6180X_ReadRangeSingleMillimeters
                0x08001820       0x2c ./Core/Hardware/TOF050C.o
                0x08001820                VL6180X_ReadRangeSingleMillimeters
 .text.VL6280X_GetRtn
                0x0800184c       0x20 ./Core/Hardware/TOF050C.o
 .text.VL6180X_Offset_Calibration
                0x0800186c       0x7c ./Core/Hardware/TOF050C.o
                0x0800186c                VL6180X_Offset_Calibration
 .text.VL6180X_CrossTalk_Callibration
                0x080018e8       0xd0 ./Core/Hardware/TOF050C.o
                0x080018e8                VL6180X_CrossTalk_Callibration
 .text.motor_timer_init
                0x080019b8       0x28 ./Core/Hardware/motor.o
                0x080019b8                motor_timer_init
 .text.HAL_TIM_OC_DelayElapsedCallback
                0x080019e0       0x44 ./Core/Hardware/motor.o
                0x080019e0                HAL_TIM_OC_DelayElapsedCallback
 .text.Read_pulse
                0x08001a24       0x1c ./Core/Hardware/motor.o
                0x08001a24                Read_pulse
 .text.Change_dir
                0x08001a40       0x24 ./Core/Hardware/motor.o
                0x08001a40                Change_dir
 .text.Rotate_Givenpulse
                0x08001a64       0x74 ./Core/Hardware/motor.o
                0x08001a64                Rotate_Givenpulse
 .text.pid_pulse_cal
                0x08001ad8       0xf0 ./Core/Hardware/pid.o
                0x08001ad8                pid_pulse_cal
 .text.pid_control_motor
                0x08001bc8       0x2c ./Core/Hardware/pid.o
                0x08001bc8                pid_control_motor
 .text.Send_Byte
                0x08001bf4       0x40 ./Core/Hardware/usart_with_zdt.o
                0x08001bf4                Send_Byte
 .text.Send_String
                0x08001c34       0x42 ./Core/Hardware/usart_with_zdt.o
                0x08001c34                Send_String
 .text.Send_sprintf
                0x08001c76       0x5a ./Core/Hardware/usart_with_zdt.o
                0x08001c76                Send_sprintf
 .text.PtrWrite_Change
                0x08001cd0       0x70 ./Core/Hardware/usart_with_zdt.o
                0x08001cd0                PtrWrite_Change
 .text.MX_ADC1_Init
                0x08001d40       0xb8 ./Core/Src/adc.o
                0x08001d40                MX_ADC1_Init
 .text.HAL_ADC_MspInit
                0x08001df8      0x100 ./Core/Src/adc.o
                0x08001df8                HAL_ADC_MspInit
 .text.MX_DMA_Init
                0x08001ef8       0x5c ./Core/Src/dma.o
                0x08001ef8                MX_DMA_Init
 .text.MX_GPIO_Init
                0x08001f54      0x114 ./Core/Src/gpio.o
                0x08001f54                MX_GPIO_Init
 .text.MX_I2C1_Init
                0x08002068       0x5c ./Core/Src/i2c.o
                0x08002068                MX_I2C1_Init
 .text.MX_I2C2_Init
                0x080020c4       0x5c ./Core/Src/i2c.o
                0x080020c4                MX_I2C2_Init
 .text.HAL_I2C_MspInit
                0x08002120       0xf8 ./Core/Src/i2c.o
                0x08002120                HAL_I2C_MspInit
 .text.HAL_UARTEx_RxEventCallback
                0x08002218       0xa4 ./Core/Src/main.o
                0x08002218                HAL_UARTEx_RxEventCallback
 .text.TOF_start
                0x080022bc       0x74 ./Core/Src/main.o
                0x080022bc                TOF_start
 .text.main     0x08002330       0x90 ./Core/Src/main.o
                0x08002330                main
 .text.SystemClock_Config
                0x080023c0       0xb6 ./Core/Src/main.o
                0x080023c0                SystemClock_Config
 .text.Error_Handler
                0x08002476        0xc ./Core/Src/main.o
                0x08002476                Error_Handler
 *fill*         0x08002482        0x2 
 .text.HAL_MspInit
                0x08002484       0x64 ./Core/Src/stm32f1xx_hal_msp.o
                0x08002484                HAL_MspInit
 .text.NMI_Handler
                0x080024e8        0x8 ./Core/Src/stm32f1xx_it.o
                0x080024e8                NMI_Handler
 .text.HardFault_Handler
                0x080024f0        0x8 ./Core/Src/stm32f1xx_it.o
                0x080024f0                HardFault_Handler
 .text.MemManage_Handler
                0x080024f8        0x8 ./Core/Src/stm32f1xx_it.o
                0x080024f8                MemManage_Handler
 .text.BusFault_Handler
                0x08002500        0x8 ./Core/Src/stm32f1xx_it.o
                0x08002500                BusFault_Handler
 .text.UsageFault_Handler
                0x08002508        0x8 ./Core/Src/stm32f1xx_it.o
                0x08002508                UsageFault_Handler
 .text.SVC_Handler
                0x08002510        0xc ./Core/Src/stm32f1xx_it.o
                0x08002510                SVC_Handler
 .text.DebugMon_Handler
                0x0800251c        0xc ./Core/Src/stm32f1xx_it.o
                0x0800251c                DebugMon_Handler
 .text.PendSV_Handler
                0x08002528        0xc ./Core/Src/stm32f1xx_it.o
                0x08002528                PendSV_Handler
 .text.SysTick_Handler
                0x08002534        0xc ./Core/Src/stm32f1xx_it.o
                0x08002534                SysTick_Handler
 .text.DMA1_Channel1_IRQHandler
                0x08002540       0x14 ./Core/Src/stm32f1xx_it.o
                0x08002540                DMA1_Channel1_IRQHandler
 .text.DMA1_Channel4_IRQHandler
                0x08002554       0x14 ./Core/Src/stm32f1xx_it.o
                0x08002554                DMA1_Channel4_IRQHandler
 .text.DMA1_Channel5_IRQHandler
                0x08002568       0x14 ./Core/Src/stm32f1xx_it.o
                0x08002568                DMA1_Channel5_IRQHandler
 .text.TIM1_CC_IRQHandler
                0x0800257c       0x14 ./Core/Src/stm32f1xx_it.o
                0x0800257c                TIM1_CC_IRQHandler
 .text.TIM2_IRQHandler
                0x08002590       0x14 ./Core/Src/stm32f1xx_it.o
                0x08002590                TIM2_IRQHandler
 .text.USART1_IRQHandler
                0x080025a4       0x14 ./Core/Src/stm32f1xx_it.o
                0x080025a4                USART1_IRQHandler
 .text._read    0x080025b8       0x3a ./Core/Src/syscalls.o
                0x080025b8                _read
 .text._write   0x080025f2       0x38 ./Core/Src/syscalls.o
                0x080025f2                _write
 .text._close   0x0800262a       0x16 ./Core/Src/syscalls.o
                0x0800262a                _close
 .text._fstat   0x08002640       0x1e ./Core/Src/syscalls.o
                0x08002640                _fstat
 .text._isatty  0x0800265e       0x14 ./Core/Src/syscalls.o
                0x0800265e                _isatty
 .text._lseek   0x08002672       0x18 ./Core/Src/syscalls.o
                0x08002672                _lseek
 *fill*         0x0800268a        0x2 
 .text._sbrk    0x0800268c       0x6c ./Core/Src/sysmem.o
                0x0800268c                _sbrk
 .text.SystemInit
                0x080026f8        0xc ./Core/Src/system_stm32f1xx.o
                0x080026f8                SystemInit
 .text.MX_TIM1_Init
                0x08002704      0x144 ./Core/Src/tim.o
                0x08002704                MX_TIM1_Init
 .text.MX_TIM2_Init
                0x08002848       0x9c ./Core/Src/tim.o
                0x08002848                MX_TIM2_Init
 .text.MX_TIM3_Init
                0x080028e4       0xa8 ./Core/Src/tim.o
                0x080028e4                MX_TIM3_Init
 .text.HAL_TIM_Base_MspInit
                0x0800298c       0x80 ./Core/Src/tim.o
                0x0800298c                HAL_TIM_Base_MspInit
 .text.HAL_TIM_Encoder_MspInit
                0x08002a0c       0x7c ./Core/Src/tim.o
                0x08002a0c                HAL_TIM_Encoder_MspInit
 .text.HAL_TIM_MspPostInit
                0x08002a88       0x68 ./Core/Src/tim.o
                0x08002a88                HAL_TIM_MspPostInit
 .text.MX_USART1_UART_Init
                0x08002af0       0x54 ./Core/Src/usart.o
                0x08002af0                MX_USART1_UART_Init
 .text.HAL_UART_MspInit
                0x08002b44      0x170 ./Core/Src/usart.o
                0x08002b44                HAL_UART_MspInit
 .text.Reset_Handler
                0x08002cb4       0x48 ./Core/Startup/startup_stm32f103c8tx.o
                0x08002cb4                Reset_Handler
 .text.Default_Handler
                0x08002cfc        0x2 ./Core/Startup/startup_stm32f103c8tx.o
                0x08002cfc                RTC_Alarm_IRQHandler
                0x08002cfc                EXTI2_IRQHandler
                0x08002cfc                PVD_IRQHandler
                0x08002cfc                EXTI3_IRQHandler
                0x08002cfc                EXTI0_IRQHandler
                0x08002cfc                I2C2_EV_IRQHandler
                0x08002cfc                ADC1_2_IRQHandler
                0x08002cfc                SPI1_IRQHandler
                0x08002cfc                TAMPER_IRQHandler
                0x08002cfc                USART3_IRQHandler
                0x08002cfc                RTC_IRQHandler
                0x08002cfc                DMA1_Channel7_IRQHandler
                0x08002cfc                CAN1_RX1_IRQHandler
                0x08002cfc                TIM4_IRQHandler
                0x08002cfc                I2C1_EV_IRQHandler
                0x08002cfc                DMA1_Channel6_IRQHandler
                0x08002cfc                TIM3_IRQHandler
                0x08002cfc                RCC_IRQHandler
                0x08002cfc                TIM1_TRG_COM_IRQHandler
                0x08002cfc                Default_Handler
                0x08002cfc                EXTI15_10_IRQHandler
                0x08002cfc                EXTI9_5_IRQHandler
                0x08002cfc                SPI2_IRQHandler
                0x08002cfc                EXTI4_IRQHandler
                0x08002cfc                USB_LP_CAN1_RX0_IRQHandler
                0x08002cfc                USB_HP_CAN1_TX_IRQHandler
                0x08002cfc                DMA1_Channel3_IRQHandler
                0x08002cfc                TIM1_UP_IRQHandler
                0x08002cfc                WWDG_IRQHandler
                0x08002cfc                TIM1_BRK_IRQHandler
                0x08002cfc                EXTI1_IRQHandler
                0x08002cfc                USART2_IRQHandler
                0x08002cfc                I2C2_ER_IRQHandler
                0x08002cfc                DMA1_Channel2_IRQHandler
                0x08002cfc                CAN1_SCE_IRQHandler
                0x08002cfc                FLASH_IRQHandler
                0x08002cfc                I2C1_ER_IRQHandler
                0x08002cfc                USBWakeUp_IRQHandler
 *fill*         0x08002cfe        0x2 
 .text.HAL_Init
                0x08002d00       0x2c ./Drivers/STM32F1xx_HAL_Driver/Src/stm32f1xx_hal.o
                0x08002d00                HAL_Init
 .text.HAL_InitTick
                0x08002d2c       0x60 ./Drivers/STM32F1xx_HAL_Driver/Src/stm32f1xx_hal.o
                0x08002d2c                HAL_InitTick
 .text.HAL_IncTick
                0x08002d8c       0x24 ./Drivers/STM32F1xx_HAL_Driver/Src/stm32f1xx_hal.o
                0x08002d8c                HAL_IncTick
 .text.HAL_GetTick
                0x08002db0       0x14 ./Drivers/STM32F1xx_HAL_Driver/Src/stm32f1xx_hal.o
                0x08002db0                HAL_GetTick
 .text.HAL_Delay
                0x08002dc4       0x48 ./Drivers/STM32F1xx_HAL_Driver/Src/stm32f1xx_hal.o
                0x08002dc4                HAL_Delay
 .text.HAL_ADC_Init
                0x08002e0c      0x1b0 ./Drivers/STM32F1xx_HAL_Driver/Src/stm32f1xx_hal_adc.o
                0x08002e0c                HAL_ADC_Init
 .text.HAL_ADC_ConfigChannel
                0x08002fbc      0x1f0 ./Drivers/STM32F1xx_HAL_Driver/Src/stm32f1xx_hal_adc.o
                0x08002fbc                HAL_ADC_ConfigChannel
 .text.ADC_ConversionStop_Disable
                0x080031ac       0x82 ./Drivers/STM32F1xx_HAL_Driver/Src/stm32f1xx_hal_adc.o
                0x080031ac                ADC_ConversionStop_Disable
 *fill*         0x0800322e        0x2 
 .text.__NVIC_SetPriorityGrouping
                0x08003230       0x48 ./Drivers/STM32F1xx_HAL_Driver/Src/stm32f1xx_hal_cortex.o
 .text.__NVIC_GetPriorityGrouping
                0x08003278       0x1c ./Drivers/STM32F1xx_HAL_Driver/Src/stm32f1xx_hal_cortex.o
 .text.__NVIC_EnableIRQ
                0x08003294       0x38 ./Drivers/STM32F1xx_HAL_Driver/Src/stm32f1xx_hal_cortex.o
 .text.__NVIC_SetPriority
                0x080032cc       0x54 ./Drivers/STM32F1xx_HAL_Driver/Src/stm32f1xx_hal_cortex.o
 .text.NVIC_EncodePriority
                0x08003320       0x64 ./Drivers/STM32F1xx_HAL_Driver/Src/stm32f1xx_hal_cortex.o
 .text.SysTick_Config
                0x08003384       0x44 ./Drivers/STM32F1xx_HAL_Driver/Src/stm32f1xx_hal_cortex.o
 .text.HAL_NVIC_SetPriorityGrouping
                0x080033c8       0x16 ./Drivers/STM32F1xx_HAL_Driver/Src/stm32f1xx_hal_cortex.o
                0x080033c8                HAL_NVIC_SetPriorityGrouping
 .text.HAL_NVIC_SetPriority
                0x080033de       0x38 ./Drivers/STM32F1xx_HAL_Driver/Src/stm32f1xx_hal_cortex.o
                0x080033de                HAL_NVIC_SetPriority
 .text.HAL_NVIC_EnableIRQ
                0x08003416       0x1c ./Drivers/STM32F1xx_HAL_Driver/Src/stm32f1xx_hal_cortex.o
                0x08003416                HAL_NVIC_EnableIRQ
 .text.HAL_SYSTICK_Config
                0x08003432       0x18 ./Drivers/STM32F1xx_HAL_Driver/Src/stm32f1xx_hal_cortex.o
                0x08003432                HAL_SYSTICK_Config
 *fill*         0x0800344a        0x2 
 .text.HAL_DMA_Init
                0x0800344c       0xb4 ./Drivers/STM32F1xx_HAL_Driver/Src/stm32f1xx_hal_dma.o
                0x0800344c                HAL_DMA_Init
 .text.HAL_DMA_Start_IT
                0x08003500       0xc0 ./Drivers/STM32F1xx_HAL_Driver/Src/stm32f1xx_hal_dma.o
                0x08003500                HAL_DMA_Start_IT
 .text.HAL_DMA_Abort
                0x080035c0       0x76 ./Drivers/STM32F1xx_HAL_Driver/Src/stm32f1xx_hal_dma.o
                0x080035c0                HAL_DMA_Abort
 *fill*         0x08003636        0x2 
 .text.HAL_DMA_Abort_IT
                0x08003638       0xf0 ./Drivers/STM32F1xx_HAL_Driver/Src/stm32f1xx_hal_dma.o
                0x08003638                HAL_DMA_Abort_IT
 .text.HAL_DMA_IRQHandler
                0x08003728      0x20c ./Drivers/STM32F1xx_HAL_Driver/Src/stm32f1xx_hal_dma.o
                0x08003728                HAL_DMA_IRQHandler
 .text.DMA_SetConfig
                0x08003934       0x5a ./Drivers/STM32F1xx_HAL_Driver/Src/stm32f1xx_hal_dma.o
 *fill*         0x0800398e        0x2 
 .text.HAL_GPIO_Init
                0x08003990      0x308 ./Drivers/STM32F1xx_HAL_Driver/Src/stm32f1xx_hal_gpio.o
                0x08003990                HAL_GPIO_Init
 .text.HAL_GPIO_ReadPin
                0x08003c98       0x2e ./Drivers/STM32F1xx_HAL_Driver/Src/stm32f1xx_hal_gpio.o
                0x08003c98                HAL_GPIO_ReadPin
 .text.HAL_GPIO_WritePin
                0x08003cc6       0x30 ./Drivers/STM32F1xx_HAL_Driver/Src/stm32f1xx_hal_gpio.o
                0x08003cc6                HAL_GPIO_WritePin
 .text.HAL_GPIO_TogglePin
                0x08003cf6       0x32 ./Drivers/STM32F1xx_HAL_Driver/Src/stm32f1xx_hal_gpio.o
                0x08003cf6                HAL_GPIO_TogglePin
 .text.HAL_I2C_Init
                0x08003d28      0x288 ./Drivers/STM32F1xx_HAL_Driver/Src/stm32f1xx_hal_i2c.o
                0x08003d28                HAL_I2C_Init
 .text.HAL_I2C_Master_Transmit
                0x08003fb0      0x1fc ./Drivers/STM32F1xx_HAL_Driver/Src/stm32f1xx_hal_i2c.o
                0x08003fb0                HAL_I2C_Master_Transmit
 .text.HAL_I2C_Master_Receive
                0x080041ac      0x4d8 ./Drivers/STM32F1xx_HAL_Driver/Src/stm32f1xx_hal_i2c.o
                0x080041ac                HAL_I2C_Master_Receive
 .text.I2C_MasterRequestWrite
                0x08004684      0x104 ./Drivers/STM32F1xx_HAL_Driver/Src/stm32f1xx_hal_i2c.o
 .text.I2C_MasterRequestRead
                0x08004788      0x19c ./Drivers/STM32F1xx_HAL_Driver/Src/stm32f1xx_hal_i2c.o
 .text.I2C_WaitOnFlagUntilTimeout
                0x08004924       0xf4 ./Drivers/STM32F1xx_HAL_Driver/Src/stm32f1xx_hal_i2c.o
 .text.I2C_WaitOnMasterAddressFlagUntilTimeout
                0x08004a18      0x140 ./Drivers/STM32F1xx_HAL_Driver/Src/stm32f1xx_hal_i2c.o
 .text.I2C_WaitOnTXEFlagUntilTimeout
                0x08004b58       0x90 ./Drivers/STM32F1xx_HAL_Driver/Src/stm32f1xx_hal_i2c.o
 .text.I2C_WaitOnBTFFlagUntilTimeout
                0x08004be8       0x90 ./Drivers/STM32F1xx_HAL_Driver/Src/stm32f1xx_hal_i2c.o
 .text.I2C_WaitOnRXNEFlagUntilTimeout
                0x08004c78       0xba ./Drivers/STM32F1xx_HAL_Driver/Src/stm32f1xx_hal_i2c.o
 .text.I2C_IsAcknowledgeFailed
                0x08004d32       0x5c ./Drivers/STM32F1xx_HAL_Driver/Src/stm32f1xx_hal_i2c.o
 *fill*         0x08004d8e        0x2 
 .text.HAL_RCC_OscConfig
                0x08004d90      0x504 ./Drivers/STM32F1xx_HAL_Driver/Src/stm32f1xx_hal_rcc.o
                0x08004d90                HAL_RCC_OscConfig
 .text.HAL_RCC_ClockConfig
                0x08005294      0x1d4 ./Drivers/STM32F1xx_HAL_Driver/Src/stm32f1xx_hal_rcc.o
                0x08005294                HAL_RCC_ClockConfig
 .text.HAL_RCC_GetSysClockFreq
                0x08005468       0xa8 ./Drivers/STM32F1xx_HAL_Driver/Src/stm32f1xx_hal_rcc.o
                0x08005468                HAL_RCC_GetSysClockFreq
 .text.HAL_RCC_GetHCLKFreq
                0x08005510       0x14 ./Drivers/STM32F1xx_HAL_Driver/Src/stm32f1xx_hal_rcc.o
                0x08005510                HAL_RCC_GetHCLKFreq
 .text.HAL_RCC_GetPCLK1Freq
                0x08005524       0x28 ./Drivers/STM32F1xx_HAL_Driver/Src/stm32f1xx_hal_rcc.o
                0x08005524                HAL_RCC_GetPCLK1Freq
 .text.HAL_RCC_GetPCLK2Freq
                0x0800554c       0x28 ./Drivers/STM32F1xx_HAL_Driver/Src/stm32f1xx_hal_rcc.o
                0x0800554c                HAL_RCC_GetPCLK2Freq
 .text.RCC_Delay
                0x08005574       0x3c ./Drivers/STM32F1xx_HAL_Driver/Src/stm32f1xx_hal_rcc.o
 .text.HAL_RCCEx_PeriphCLKConfig
                0x080055b0      0x16c ./Drivers/STM32F1xx_HAL_Driver/Src/stm32f1xx_hal_rcc_ex.o
                0x080055b0                HAL_RCCEx_PeriphCLKConfig
 .text.HAL_TIM_Base_Init
                0x0800571c       0x9e ./Drivers/STM32F1xx_HAL_Driver/Src/stm32f1xx_hal_tim.o
                0x0800571c                HAL_TIM_Base_Init
 *fill*         0x080057ba        0x2 
 .text.HAL_TIM_Base_Start
                0x080057bc       0x94 ./Drivers/STM32F1xx_HAL_Driver/Src/stm32f1xx_hal_tim.o
                0x080057bc                HAL_TIM_Base_Start
 .text.HAL_TIM_Base_Start_IT
                0x08005850       0xa4 ./Drivers/STM32F1xx_HAL_Driver/Src/stm32f1xx_hal_tim.o
                0x08005850                HAL_TIM_Base_Start_IT
 .text.HAL_TIM_OC_Init
                0x080058f4       0x9e ./Drivers/STM32F1xx_HAL_Driver/Src/stm32f1xx_hal_tim.o
                0x080058f4                HAL_TIM_OC_Init
 .text.HAL_TIM_OC_MspInit
                0x08005992       0x12 ./Drivers/STM32F1xx_HAL_Driver/Src/stm32f1xx_hal_tim.o
                0x08005992                HAL_TIM_OC_MspInit
 .text.HAL_TIM_OC_Start_IT
                0x080059a4      0x1e0 ./Drivers/STM32F1xx_HAL_Driver/Src/stm32f1xx_hal_tim.o
                0x080059a4                HAL_TIM_OC_Start_IT
 .text.HAL_TIM_Encoder_Init
                0x08005b84      0x144 ./Drivers/STM32F1xx_HAL_Driver/Src/stm32f1xx_hal_tim.o
                0x08005b84                HAL_TIM_Encoder_Init
 .text.HAL_TIM_Encoder_Start
                0x08005cc8      0x11c ./Drivers/STM32F1xx_HAL_Driver/Src/stm32f1xx_hal_tim.o
                0x08005cc8                HAL_TIM_Encoder_Start
 .text.HAL_TIM_IRQHandler
                0x08005de4      0x1e0 ./Drivers/STM32F1xx_HAL_Driver/Src/stm32f1xx_hal_tim.o
                0x08005de4                HAL_TIM_IRQHandler
 .text.HAL_TIM_OC_ConfigChannel
                0x08005fc4       0xb8 ./Drivers/STM32F1xx_HAL_Driver/Src/stm32f1xx_hal_tim.o
                0x08005fc4                HAL_TIM_OC_ConfigChannel
 .text.HAL_TIM_ConfigClockSource
                0x0800607c      0x18e ./Drivers/STM32F1xx_HAL_Driver/Src/stm32f1xx_hal_tim.o
                0x0800607c                HAL_TIM_ConfigClockSource
 .text.HAL_TIM_IC_CaptureCallback
                0x0800620a       0x12 ./Drivers/STM32F1xx_HAL_Driver/Src/stm32f1xx_hal_tim.o
                0x0800620a                HAL_TIM_IC_CaptureCallback
 .text.HAL_TIM_PWM_PulseFinishedCallback
                0x0800621c       0x12 ./Drivers/STM32F1xx_HAL_Driver/Src/stm32f1xx_hal_tim.o
                0x0800621c                HAL_TIM_PWM_PulseFinishedCallback
 .text.HAL_TIM_TriggerCallback
                0x0800622e       0x12 ./Drivers/STM32F1xx_HAL_Driver/Src/stm32f1xx_hal_tim.o
                0x0800622e                HAL_TIM_TriggerCallback
 .text.TIM_Base_SetConfig
                0x08006240       0xdc ./Drivers/STM32F1xx_HAL_Driver/Src/stm32f1xx_hal_tim.o
                0x08006240                TIM_Base_SetConfig
 .text.TIM_OC1_SetConfig
                0x0800631c       0xcc ./Drivers/STM32F1xx_HAL_Driver/Src/stm32f1xx_hal_tim.o
 .text.TIM_OC2_SetConfig
                0x080063e8       0xd4 ./Drivers/STM32F1xx_HAL_Driver/Src/stm32f1xx_hal_tim.o
                0x080063e8                TIM_OC2_SetConfig
 .text.TIM_OC3_SetConfig
                0x080064bc       0xd4 ./Drivers/STM32F1xx_HAL_Driver/Src/stm32f1xx_hal_tim.o
 .text.TIM_OC4_SetConfig
                0x08006590       0x9c ./Drivers/STM32F1xx_HAL_Driver/Src/stm32f1xx_hal_tim.o
 .text.TIM_TI1_ConfigInputStage
                0x0800662c       0x5c ./Drivers/STM32F1xx_HAL_Driver/Src/stm32f1xx_hal_tim.o
 .text.TIM_TI2_ConfigInputStage
                0x08006688       0x5e ./Drivers/STM32F1xx_HAL_Driver/Src/stm32f1xx_hal_tim.o
 .text.TIM_ITRx_SetConfig
                0x080066e6       0x34 ./Drivers/STM32F1xx_HAL_Driver/Src/stm32f1xx_hal_tim.o
 .text.TIM_ETR_SetConfig
                0x0800671a       0x3e ./Drivers/STM32F1xx_HAL_Driver/Src/stm32f1xx_hal_tim.o
                0x0800671a                TIM_ETR_SetConfig
 .text.TIM_CCxChannelCmd
                0x08006758       0x48 ./Drivers/STM32F1xx_HAL_Driver/Src/stm32f1xx_hal_tim.o
                0x08006758                TIM_CCxChannelCmd
 .text.HAL_TIMEx_MasterConfigSynchronization
                0x080067a0       0xbc ./Drivers/STM32F1xx_HAL_Driver/Src/stm32f1xx_hal_tim_ex.o
                0x080067a0                HAL_TIMEx_MasterConfigSynchronization
 .text.HAL_TIMEx_ConfigBreakDeadTime
                0x0800685c       0xa2 ./Drivers/STM32F1xx_HAL_Driver/Src/stm32f1xx_hal_tim_ex.o
                0x0800685c                HAL_TIMEx_ConfigBreakDeadTime
 .text.HAL_TIMEx_CommutCallback
                0x080068fe       0x12 ./Drivers/STM32F1xx_HAL_Driver/Src/stm32f1xx_hal_tim_ex.o
                0x080068fe                HAL_TIMEx_CommutCallback
 .text.HAL_TIMEx_BreakCallback
                0x08006910       0x12 ./Drivers/STM32F1xx_HAL_Driver/Src/stm32f1xx_hal_tim_ex.o
                0x08006910                HAL_TIMEx_BreakCallback
 .text.HAL_UART_Init
                0x08006922       0xa0 ./Drivers/STM32F1xx_HAL_Driver/Src/stm32f1xx_hal_uart.o
                0x08006922                HAL_UART_Init
 .text.HAL_UART_Transmit
                0x080069c2      0x116 ./Drivers/STM32F1xx_HAL_Driver/Src/stm32f1xx_hal_uart.o
                0x080069c2                HAL_UART_Transmit
 .text.HAL_UARTEx_ReceiveToIdle_DMA
                0x08006ad8       0xb2 ./Drivers/STM32F1xx_HAL_Driver/Src/stm32f1xx_hal_uart.o
                0x08006ad8                HAL_UARTEx_ReceiveToIdle_DMA
 *fill*         0x08006b8a        0x2 
 .text.HAL_UART_IRQHandler
                0x08006b8c      0x524 ./Drivers/STM32F1xx_HAL_Driver/Src/stm32f1xx_hal_uart.o
                0x08006b8c                HAL_UART_IRQHandler
 .text.HAL_UART_TxCpltCallback
                0x080070b0       0x12 ./Drivers/STM32F1xx_HAL_Driver/Src/stm32f1xx_hal_uart.o
                0x080070b0                HAL_UART_TxCpltCallback
 .text.HAL_UART_RxCpltCallback
                0x080070c2       0x12 ./Drivers/STM32F1xx_HAL_Driver/Src/stm32f1xx_hal_uart.o
                0x080070c2                HAL_UART_RxCpltCallback
 .text.HAL_UART_RxHalfCpltCallback
                0x080070d4       0x12 ./Drivers/STM32F1xx_HAL_Driver/Src/stm32f1xx_hal_uart.o
                0x080070d4                HAL_UART_RxHalfCpltCallback
 .text.HAL_UART_ErrorCallback
                0x080070e6       0x12 ./Drivers/STM32F1xx_HAL_Driver/Src/stm32f1xx_hal_uart.o
                0x080070e6                HAL_UART_ErrorCallback
 .text.UART_DMAReceiveCplt
                0x080070f8      0x12c ./Drivers/STM32F1xx_HAL_Driver/Src/stm32f1xx_hal_uart.o
 .text.UART_DMARxHalfCplt
                0x08007224       0x3c ./Drivers/STM32F1xx_HAL_Driver/Src/stm32f1xx_hal_uart.o
 .text.UART_DMAError
                0x08007260       0x94 ./Drivers/STM32F1xx_HAL_Driver/Src/stm32f1xx_hal_uart.o
 .text.UART_WaitOnFlagUntilTimeout
                0x080072f4       0xb2 ./Drivers/STM32F1xx_HAL_Driver/Src/stm32f1xx_hal_uart.o
 *fill*         0x080073a6        0x2 
 .text.UART_Start_Receive_DMA
                0x080073a8      0x134 ./Drivers/STM32F1xx_HAL_Driver/Src/stm32f1xx_hal_uart.o
                0x080073a8                UART_Start_Receive_DMA
 .text.UART_EndTxTransfer
                0x080074dc       0x4e ./Drivers/STM32F1xx_HAL_Driver/Src/stm32f1xx_hal_uart.o
 .text.UART_EndRxTransfer
                0x0800752a       0xc4 ./Drivers/STM32F1xx_HAL_Driver/Src/stm32f1xx_hal_uart.o
 .text.UART_DMAAbortOnError
                0x080075ee       0x28 ./Drivers/STM32F1xx_HAL_Driver/Src/stm32f1xx_hal_uart.o
 .text.UART_Transmit_IT
                0x08007616       0x9e ./Drivers/STM32F1xx_HAL_Driver/Src/stm32f1xx_hal_uart.o
 .text.UART_EndTransmit_IT
                0x080076b4       0x30 ./Drivers/STM32F1xx_HAL_Driver/Src/stm32f1xx_hal_uart.o
 .text.UART_Receive_IT
                0x080076e4      0x17c ./Drivers/STM32F1xx_HAL_Driver/Src/stm32f1xx_hal_uart.o
 .text.UART_SetConfig
                0x08007860      0x11c ./Drivers/STM32F1xx_HAL_Driver/Src/stm32f1xx_hal_uart.o
 .text.std      0x0800797c       0x6c D:/STM32_project/STM32CubeIDE_1.16.1/STM32CubeIDE/plugins/com.st.stm32cube.ide.mcu.externaltools.gnu-tools-for-stm32.12.3.rel1.win32_1.0.200.202406191623/tools/bin/../lib/gcc/arm-none-eabi/12.3.1/../../../../arm-none-eabi/lib/thumb/v7-m/nofp\libc_nano.a(libc_a-findfp.o)
 .text.stdio_exit_handler
                0x080079e8       0x18 D:/STM32_project/STM32CubeIDE_1.16.1/STM32CubeIDE/plugins/com.st.stm32cube.ide.mcu.externaltools.gnu-tools-for-stm32.12.3.rel1.win32_1.0.200.202406191623/tools/bin/../lib/gcc/arm-none-eabi/12.3.1/../../../../arm-none-eabi/lib/thumb/v7-m/nofp\libc_nano.a(libc_a-findfp.o)
 .text.cleanup_stdio
                0x08007a00       0x40 D:/STM32_project/STM32CubeIDE_1.16.1/STM32CubeIDE/plugins/com.st.stm32cube.ide.mcu.externaltools.gnu-tools-for-stm32.12.3.rel1.win32_1.0.200.202406191623/tools/bin/../lib/gcc/arm-none-eabi/12.3.1/../../../../arm-none-eabi/lib/thumb/v7-m/nofp\libc_nano.a(libc_a-findfp.o)
 .text.global_stdio_init.part.0
                0x08007a40       0x3c D:/STM32_project/STM32CubeIDE_1.16.1/STM32CubeIDE/plugins/com.st.stm32cube.ide.mcu.externaltools.gnu-tools-for-stm32.12.3.rel1.win32_1.0.200.202406191623/tools/bin/../lib/gcc/arm-none-eabi/12.3.1/../../../../arm-none-eabi/lib/thumb/v7-m/nofp\libc_nano.a(libc_a-findfp.o)
 .text.__sfp_lock_acquire
                0x08007a7c        0xc D:/STM32_project/STM32CubeIDE_1.16.1/STM32CubeIDE/plugins/com.st.stm32cube.ide.mcu.externaltools.gnu-tools-for-stm32.12.3.rel1.win32_1.0.200.202406191623/tools/bin/../lib/gcc/arm-none-eabi/12.3.1/../../../../arm-none-eabi/lib/thumb/v7-m/nofp\libc_nano.a(libc_a-findfp.o)
                0x08007a7c                __sfp_lock_acquire
 .text.__sfp_lock_release
                0x08007a88        0xc D:/STM32_project/STM32CubeIDE_1.16.1/STM32CubeIDE/plugins/com.st.stm32cube.ide.mcu.externaltools.gnu-tools-for-stm32.12.3.rel1.win32_1.0.200.202406191623/tools/bin/../lib/gcc/arm-none-eabi/12.3.1/../../../../arm-none-eabi/lib/thumb/v7-m/nofp\libc_nano.a(libc_a-findfp.o)
                0x08007a88                __sfp_lock_release
 .text.__sinit  0x08007a94       0x30 D:/STM32_project/STM32CubeIDE_1.16.1/STM32CubeIDE/plugins/com.st.stm32cube.ide.mcu.externaltools.gnu-tools-for-stm32.12.3.rel1.win32_1.0.200.202406191623/tools/bin/../lib/gcc/arm-none-eabi/12.3.1/../../../../arm-none-eabi/lib/thumb/v7-m/nofp\libc_nano.a(libc_a-findfp.o)
                0x08007a94                __sinit
 .text._fwalk_sglue
                0x08007ac4       0x3c D:/STM32_project/STM32CubeIDE_1.16.1/STM32CubeIDE/plugins/com.st.stm32cube.ide.mcu.externaltools.gnu-tools-for-stm32.12.3.rel1.win32_1.0.200.202406191623/tools/bin/../lib/gcc/arm-none-eabi/12.3.1/../../../../arm-none-eabi/lib/thumb/v7-m/nofp\libc_nano.a(libc_a-fwalk.o)
                0x08007ac4                _fwalk_sglue
 .text.printf   0x08007b00       0x24 D:/STM32_project/STM32CubeIDE_1.16.1/STM32CubeIDE/plugins/com.st.stm32cube.ide.mcu.externaltools.gnu-tools-for-stm32.12.3.rel1.win32_1.0.200.202406191623/tools/bin/../lib/gcc/arm-none-eabi/12.3.1/../../../../arm-none-eabi/lib/thumb/v7-m/nofp\libc_nano.a(libc_a-printf.o)
                0x08007b00                iprintf
                0x08007b00                printf
 .text._puts_r  0x08007b24       0xaa D:/STM32_project/STM32CubeIDE_1.16.1/STM32CubeIDE/plugins/com.st.stm32cube.ide.mcu.externaltools.gnu-tools-for-stm32.12.3.rel1.win32_1.0.200.202406191623/tools/bin/../lib/gcc/arm-none-eabi/12.3.1/../../../../arm-none-eabi/lib/thumb/v7-m/nofp\libc_nano.a(libc_a-puts.o)
                0x08007b24                _puts_r
 *fill*         0x08007bce        0x2 
 .text.puts     0x08007bd0       0x10 D:/STM32_project/STM32CubeIDE_1.16.1/STM32CubeIDE/plugins/com.st.stm32cube.ide.mcu.externaltools.gnu-tools-for-stm32.12.3.rel1.win32_1.0.200.202406191623/tools/bin/../lib/gcc/arm-none-eabi/12.3.1/../../../../arm-none-eabi/lib/thumb/v7-m/nofp\libc_nano.a(libc_a-puts.o)
                0x08007bd0                puts
 .text.__sread  0x08007be0       0x22 D:/STM32_project/STM32CubeIDE_1.16.1/STM32CubeIDE/plugins/com.st.stm32cube.ide.mcu.externaltools.gnu-tools-for-stm32.12.3.rel1.win32_1.0.200.202406191623/tools/bin/../lib/gcc/arm-none-eabi/12.3.1/../../../../arm-none-eabi/lib/thumb/v7-m/nofp\libc_nano.a(libc_a-stdio.o)
                0x08007be0                __sread
 .text.__swrite
                0x08007c02       0x38 D:/STM32_project/STM32CubeIDE_1.16.1/STM32CubeIDE/plugins/com.st.stm32cube.ide.mcu.externaltools.gnu-tools-for-stm32.12.3.rel1.win32_1.0.200.202406191623/tools/bin/../lib/gcc/arm-none-eabi/12.3.1/../../../../arm-none-eabi/lib/thumb/v7-m/nofp\libc_nano.a(libc_a-stdio.o)
                0x08007c02                __swrite
 .text.__sseek  0x08007c3a       0x24 D:/STM32_project/STM32CubeIDE_1.16.1/STM32CubeIDE/plugins/com.st.stm32cube.ide.mcu.externaltools.gnu-tools-for-stm32.12.3.rel1.win32_1.0.200.202406191623/tools/bin/../lib/gcc/arm-none-eabi/12.3.1/../../../../arm-none-eabi/lib/thumb/v7-m/nofp\libc_nano.a(libc_a-stdio.o)
                0x08007c3a                __sseek
 .text.__sclose
                0x08007c5e        0x8 D:/STM32_project/STM32CubeIDE_1.16.1/STM32CubeIDE/plugins/com.st.stm32cube.ide.mcu.externaltools.gnu-tools-for-stm32.12.3.rel1.win32_1.0.200.202406191623/tools/bin/../lib/gcc/arm-none-eabi/12.3.1/../../../../arm-none-eabi/lib/thumb/v7-m/nofp\libc_nano.a(libc_a-stdio.o)
                0x08007c5e                __sclose
 *fill*         0x08007c66        0x2 
 .text._vsprintf_r
                0x08007c68       0x2c D:/STM32_project/STM32CubeIDE_1.16.1/STM32CubeIDE/plugins/com.st.stm32cube.ide.mcu.externaltools.gnu-tools-for-stm32.12.3.rel1.win32_1.0.200.202406191623/tools/bin/../lib/gcc/arm-none-eabi/12.3.1/../../../../arm-none-eabi/lib/thumb/v7-m/nofp\libc_nano.a(libc_a-vsprintf.o)
                0x08007c68                _vsprintf_r
                0x08007c68                _vsiprintf_r
 .text.vsprintf
                0x08007c94       0x14 D:/STM32_project/STM32CubeIDE_1.16.1/STM32CubeIDE/plugins/com.st.stm32cube.ide.mcu.externaltools.gnu-tools-for-stm32.12.3.rel1.win32_1.0.200.202406191623/tools/bin/../lib/gcc/arm-none-eabi/12.3.1/../../../../arm-none-eabi/lib/thumb/v7-m/nofp\libc_nano.a(libc_a-vsprintf.o)
                0x08007c94                vsiprintf
                0x08007c94                vsprintf
 .text.__swbuf_r
                0x08007ca8       0x7c D:/STM32_project/STM32CubeIDE_1.16.1/STM32CubeIDE/plugins/com.st.stm32cube.ide.mcu.externaltools.gnu-tools-for-stm32.12.3.rel1.win32_1.0.200.202406191623/tools/bin/../lib/gcc/arm-none-eabi/12.3.1/../../../../arm-none-eabi/lib/thumb/v7-m/nofp\libc_nano.a(libc_a-wbuf.o)
                0x08007ca8                __swbuf_r
 .text.__swsetup_r
                0x08007d24       0xac D:/STM32_project/STM32CubeIDE_1.16.1/STM32CubeIDE/plugins/com.st.stm32cube.ide.mcu.externaltools.gnu-tools-for-stm32.12.3.rel1.win32_1.0.200.202406191623/tools/bin/../lib/gcc/arm-none-eabi/12.3.1/../../../../arm-none-eabi/lib/thumb/v7-m/nofp\libc_nano.a(libc_a-wsetup.o)
                0x08007d24                __swsetup_r
 .text.memset   0x08007dd0       0x10 D:/STM32_project/STM32CubeIDE_1.16.1/STM32CubeIDE/plugins/com.st.stm32cube.ide.mcu.externaltools.gnu-tools-for-stm32.12.3.rel1.win32_1.0.200.202406191623/tools/bin/../lib/gcc/arm-none-eabi/12.3.1/../../../../arm-none-eabi/lib/thumb/v7-m/nofp\libc_nano.a(libc_a-memset.o)
                0x08007dd0                memset
 .text._close_r
                0x08007de0       0x20 D:/STM32_project/STM32CubeIDE_1.16.1/STM32CubeIDE/plugins/com.st.stm32cube.ide.mcu.externaltools.gnu-tools-for-stm32.12.3.rel1.win32_1.0.200.202406191623/tools/bin/../lib/gcc/arm-none-eabi/12.3.1/../../../../arm-none-eabi/lib/thumb/v7-m/nofp\libc_nano.a(libc_a-closer.o)
                0x08007de0                _close_r
 .text._lseek_r
                0x08007e00       0x24 D:/STM32_project/STM32CubeIDE_1.16.1/STM32CubeIDE/plugins/com.st.stm32cube.ide.mcu.externaltools.gnu-tools-for-stm32.12.3.rel1.win32_1.0.200.202406191623/tools/bin/../lib/gcc/arm-none-eabi/12.3.1/../../../../arm-none-eabi/lib/thumb/v7-m/nofp\libc_nano.a(libc_a-lseekr.o)
                0x08007e00                _lseek_r
 .text._read_r  0x08007e24       0x24 D:/STM32_project/STM32CubeIDE_1.16.1/STM32CubeIDE/plugins/com.st.stm32cube.ide.mcu.externaltools.gnu-tools-for-stm32.12.3.rel1.win32_1.0.200.202406191623/tools/bin/../lib/gcc/arm-none-eabi/12.3.1/../../../../arm-none-eabi/lib/thumb/v7-m/nofp\libc_nano.a(libc_a-readr.o)
                0x08007e24                _read_r
 .text._write_r
                0x08007e48       0x24 D:/STM32_project/STM32CubeIDE_1.16.1/STM32CubeIDE/plugins/com.st.stm32cube.ide.mcu.externaltools.gnu-tools-for-stm32.12.3.rel1.win32_1.0.200.202406191623/tools/bin/../lib/gcc/arm-none-eabi/12.3.1/../../../../arm-none-eabi/lib/thumb/v7-m/nofp\libc_nano.a(libc_a-writer.o)
                0x08007e48                _write_r
 .text.__errno  0x08007e6c        0xc D:/STM32_project/STM32CubeIDE_1.16.1/STM32CubeIDE/plugins/com.st.stm32cube.ide.mcu.externaltools.gnu-tools-for-stm32.12.3.rel1.win32_1.0.200.202406191623/tools/bin/../lib/gcc/arm-none-eabi/12.3.1/../../../../arm-none-eabi/lib/thumb/v7-m/nofp\libc_nano.a(libc_a-errno.o)
                0x08007e6c                __errno
 .text.__libc_init_array
                0x08007e78       0x48 D:/STM32_project/STM32CubeIDE_1.16.1/STM32CubeIDE/plugins/com.st.stm32cube.ide.mcu.externaltools.gnu-tools-for-stm32.12.3.rel1.win32_1.0.200.202406191623/tools/bin/../lib/gcc/arm-none-eabi/12.3.1/../../../../arm-none-eabi/lib/thumb/v7-m/nofp\libc_nano.a(libc_a-init.o)
                0x08007e78                __libc_init_array
 .text.__retarget_lock_init_recursive
                0x08007ec0        0x2 D:/STM32_project/STM32CubeIDE_1.16.1/STM32CubeIDE/plugins/com.st.stm32cube.ide.mcu.externaltools.gnu-tools-for-stm32.12.3.rel1.win32_1.0.200.202406191623/tools/bin/../lib/gcc/arm-none-eabi/12.3.1/../../../../arm-none-eabi/lib/thumb/v7-m/nofp\libc_nano.a(libc_a-lock.o)
                0x08007ec0                __retarget_lock_init_recursive
 .text.__retarget_lock_acquire_recursive
                0x08007ec2        0x2 D:/STM32_project/STM32CubeIDE_1.16.1/STM32CubeIDE/plugins/com.st.stm32cube.ide.mcu.externaltools.gnu-tools-for-stm32.12.3.rel1.win32_1.0.200.202406191623/tools/bin/../lib/gcc/arm-none-eabi/12.3.1/../../../../arm-none-eabi/lib/thumb/v7-m/nofp\libc_nano.a(libc_a-lock.o)
                0x08007ec2                __retarget_lock_acquire_recursive
 .text.__retarget_lock_release_recursive
                0x08007ec4        0x2 D:/STM32_project/STM32CubeIDE_1.16.1/STM32CubeIDE/plugins/com.st.stm32cube.ide.mcu.externaltools.gnu-tools-for-stm32.12.3.rel1.win32_1.0.200.202406191623/tools/bin/../lib/gcc/arm-none-eabi/12.3.1/../../../../arm-none-eabi/lib/thumb/v7-m/nofp\libc_nano.a(libc_a-lock.o)
                0x08007ec4                __retarget_lock_release_recursive
 .text.memcpy   0x08007ec6       0x1c D:/STM32_project/STM32CubeIDE_1.16.1/STM32CubeIDE/plugins/com.st.stm32cube.ide.mcu.externaltools.gnu-tools-for-stm32.12.3.rel1.win32_1.0.200.202406191623/tools/bin/../lib/gcc/arm-none-eabi/12.3.1/../../../../arm-none-eabi/lib/thumb/v7-m/nofp\libc_nano.a(libc_a-memcpy-stub.o)
                0x08007ec6                memcpy
 *fill*         0x08007ee2        0x2 
 .text._free_r  0x08007ee4       0x90 D:/STM32_project/STM32CubeIDE_1.16.1/STM32CubeIDE/plugins/com.st.stm32cube.ide.mcu.externaltools.gnu-tools-for-stm32.12.3.rel1.win32_1.0.200.202406191623/tools/bin/../lib/gcc/arm-none-eabi/12.3.1/../../../../arm-none-eabi/lib/thumb/v7-m/nofp\libc_nano.a(libc_a-freer.o)
                0x08007ee4                _free_r
 .text.sbrk_aligned
                0x08007f74       0x44 D:/STM32_project/STM32CubeIDE_1.16.1/STM32CubeIDE/plugins/com.st.stm32cube.ide.mcu.externaltools.gnu-tools-for-stm32.12.3.rel1.win32_1.0.200.202406191623/tools/bin/../lib/gcc/arm-none-eabi/12.3.1/../../../../arm-none-eabi/lib/thumb/v7-m/nofp\libc_nano.a(libc_a-mallocr.o)
 .text._malloc_r
                0x08007fb8      0x100 D:/STM32_project/STM32CubeIDE_1.16.1/STM32CubeIDE/plugins/com.st.stm32cube.ide.mcu.externaltools.gnu-tools-for-stm32.12.3.rel1.win32_1.0.200.202406191623/tools/bin/../lib/gcc/arm-none-eabi/12.3.1/../../../../arm-none-eabi/lib/thumb/v7-m/nofp\libc_nano.a(libc_a-mallocr.o)
                0x08007fb8                _malloc_r
 .text.__malloc_lock
                0x080080b8        0xc D:/STM32_project/STM32CubeIDE_1.16.1/STM32CubeIDE/plugins/com.st.stm32cube.ide.mcu.externaltools.gnu-tools-for-stm32.12.3.rel1.win32_1.0.200.202406191623/tools/bin/../lib/gcc/arm-none-eabi/12.3.1/../../../../arm-none-eabi/lib/thumb/v7-m/nofp\libc_nano.a(libc_a-mlock.o)
                0x080080b8                __malloc_lock
 .text.__malloc_unlock
                0x080080c4        0xc D:/STM32_project/STM32CubeIDE_1.16.1/STM32CubeIDE/plugins/com.st.stm32cube.ide.mcu.externaltools.gnu-tools-for-stm32.12.3.rel1.win32_1.0.200.202406191623/tools/bin/../lib/gcc/arm-none-eabi/12.3.1/../../../../arm-none-eabi/lib/thumb/v7-m/nofp\libc_nano.a(libc_a-mlock.o)
                0x080080c4                __malloc_unlock
 .text.__ssputs_r
                0x080080d0       0xb6 D:/STM32_project/STM32CubeIDE_1.16.1/STM32CubeIDE/plugins/com.st.stm32cube.ide.mcu.externaltools.gnu-tools-for-stm32.12.3.rel1.win32_1.0.200.202406191623/tools/bin/../lib/gcc/arm-none-eabi/12.3.1/../../../../arm-none-eabi/lib/thumb/v7-m/nofp\libc_nano.a(libc_a-nano-svfprintf.o)
                0x080080d0                __ssputs_r
 *fill*         0x08008186        0x2 
 .text._svfprintf_r
                0x08008188      0x1f8 D:/STM32_project/STM32CubeIDE_1.16.1/STM32CubeIDE/plugins/com.st.stm32cube.ide.mcu.externaltools.gnu-tools-for-stm32.12.3.rel1.win32_1.0.200.202406191623/tools/bin/../lib/gcc/arm-none-eabi/12.3.1/../../../../arm-none-eabi/lib/thumb/v7-m/nofp\libc_nano.a(libc_a-nano-svfprintf.o)
                0x08008188                _svfiprintf_r
                0x08008188                _svfprintf_r
 .text.__sfputc_r
                0x08008380       0x2a D:/STM32_project/STM32CubeIDE_1.16.1/STM32CubeIDE/plugins/com.st.stm32cube.ide.mcu.externaltools.gnu-tools-for-stm32.12.3.rel1.win32_1.0.200.202406191623/tools/bin/../lib/gcc/arm-none-eabi/12.3.1/../../../../arm-none-eabi/lib/thumb/v7-m/nofp\libc_nano.a(libc_a-nano-vfprintf.o)
 .text.__sfputs_r
                0x080083aa       0x24 D:/STM32_project/STM32CubeIDE_1.16.1/STM32CubeIDE/plugins/com.st.stm32cube.ide.mcu.externaltools.gnu-tools-for-stm32.12.3.rel1.win32_1.0.200.202406191623/tools/bin/../lib/gcc/arm-none-eabi/12.3.1/../../../../arm-none-eabi/lib/thumb/v7-m/nofp\libc_nano.a(libc_a-nano-vfprintf.o)
                0x080083aa                __sfputs_r
 *fill*         0x080083ce        0x2 
 .text._vfprintf_r
                0x080083d0      0x230 D:/STM32_project/STM32CubeIDE_1.16.1/STM32CubeIDE/plugins/com.st.stm32cube.ide.mcu.externaltools.gnu-tools-for-stm32.12.3.rel1.win32_1.0.200.202406191623/tools/bin/../lib/gcc/arm-none-eabi/12.3.1/../../../../arm-none-eabi/lib/thumb/v7-m/nofp\libc_nano.a(libc_a-nano-vfprintf.o)
                0x080083d0                _vfprintf_r
                0x080083d0                _vfiprintf_r
 .text._printf_common
                0x08008600       0xe4 D:/STM32_project/STM32CubeIDE_1.16.1/STM32CubeIDE/plugins/com.st.stm32cube.ide.mcu.externaltools.gnu-tools-for-stm32.12.3.rel1.win32_1.0.200.202406191623/tools/bin/../lib/gcc/arm-none-eabi/12.3.1/../../../../arm-none-eabi/lib/thumb/v7-m/nofp\libc_nano.a(libc_a-nano-vfprintf_i.o)
                0x08008600                _printf_common
 .text._printf_i
                0x080086e4      0x240 D:/STM32_project/STM32CubeIDE_1.16.1/STM32CubeIDE/plugins/com.st.stm32cube.ide.mcu.externaltools.gnu-tools-for-stm32.12.3.rel1.win32_1.0.200.202406191623/tools/bin/../lib/gcc/arm-none-eabi/12.3.1/../../../../arm-none-eabi/lib/thumb/v7-m/nofp\libc_nano.a(libc_a-nano-vfprintf_i.o)
                0x080086e4                _printf_i
 .text.__sflush_r
                0x08008924      0x100 D:/STM32_project/STM32CubeIDE_1.16.1/STM32CubeIDE/plugins/com.st.stm32cube.ide.mcu.externaltools.gnu-tools-for-stm32.12.3.rel1.win32_1.0.200.202406191623/tools/bin/../lib/gcc/arm-none-eabi/12.3.1/../../../../arm-none-eabi/lib/thumb/v7-m/nofp\libc_nano.a(libc_a-fflush.o)
                0x08008924                __sflush_r
 .text._fflush_r
                0x08008a24       0x50 D:/STM32_project/STM32CubeIDE_1.16.1/STM32CubeIDE/plugins/com.st.stm32cube.ide.mcu.externaltools.gnu-tools-for-stm32.12.3.rel1.win32_1.0.200.202406191623/tools/bin/../lib/gcc/arm-none-eabi/12.3.1/../../../../arm-none-eabi/lib/thumb/v7-m/nofp\libc_nano.a(libc_a-fflush.o)
                0x08008a24                _fflush_r
 .text.__swhatbuf_r
                0x08008a74       0x4a D:/STM32_project/STM32CubeIDE_1.16.1/STM32CubeIDE/plugins/com.st.stm32cube.ide.mcu.externaltools.gnu-tools-for-stm32.12.3.rel1.win32_1.0.200.202406191623/tools/bin/../lib/gcc/arm-none-eabi/12.3.1/../../../../arm-none-eabi/lib/thumb/v7-m/nofp\libc_nano.a(libc_a-makebuf.o)
                0x08008a74                __swhatbuf_r
 .text.__smakebuf_r
                0x08008abe       0x78 D:/STM32_project/STM32CubeIDE_1.16.1/STM32CubeIDE/plugins/com.st.stm32cube.ide.mcu.externaltools.gnu-tools-for-stm32.12.3.rel1.win32_1.0.200.202406191623/tools/bin/../lib/gcc/arm-none-eabi/12.3.1/../../../../arm-none-eabi/lib/thumb/v7-m/nofp\libc_nano.a(libc_a-makebuf.o)
                0x08008abe                __smakebuf_r
 .text.memmove  0x08008b36       0x34 D:/STM32_project/STM32CubeIDE_1.16.1/STM32CubeIDE/plugins/com.st.stm32cube.ide.mcu.externaltools.gnu-tools-for-stm32.12.3.rel1.win32_1.0.200.202406191623/tools/bin/../lib/gcc/arm-none-eabi/12.3.1/../../../../arm-none-eabi/lib/thumb/v7-m/nofp\libc_nano.a(libc_a-memmove.o)
                0x08008b36                memmove
 *fill*         0x08008b6a        0x2 
 .text._fstat_r
                0x08008b6c       0x24 D:/STM32_project/STM32CubeIDE_1.16.1/STM32CubeIDE/plugins/com.st.stm32cube.ide.mcu.externaltools.gnu-tools-for-stm32.12.3.rel1.win32_1.0.200.202406191623/tools/bin/../lib/gcc/arm-none-eabi/12.3.1/../../../../arm-none-eabi/lib/thumb/v7-m/nofp\libc_nano.a(libc_a-fstatr.o)
                0x08008b6c                _fstat_r
 .text._isatty_r
                0x08008b90       0x20 D:/STM32_project/STM32CubeIDE_1.16.1/STM32CubeIDE/plugins/com.st.stm32cube.ide.mcu.externaltools.gnu-tools-for-stm32.12.3.rel1.win32_1.0.200.202406191623/tools/bin/../lib/gcc/arm-none-eabi/12.3.1/../../../../arm-none-eabi/lib/thumb/v7-m/nofp\libc_nano.a(libc_a-isattyr.o)
                0x08008b90                _isatty_r
 .text._sbrk_r  0x08008bb0       0x20 D:/STM32_project/STM32CubeIDE_1.16.1/STM32CubeIDE/plugins/com.st.stm32cube.ide.mcu.externaltools.gnu-tools-for-stm32.12.3.rel1.win32_1.0.200.202406191623/tools/bin/../lib/gcc/arm-none-eabi/12.3.1/../../../../arm-none-eabi/lib/thumb/v7-m/nofp\libc_nano.a(libc_a-sbrkr.o)
                0x08008bb0                _sbrk_r
 .text.memchr   0x08008bd0       0x1c D:/STM32_project/STM32CubeIDE_1.16.1/STM32CubeIDE/plugins/com.st.stm32cube.ide.mcu.externaltools.gnu-tools-for-stm32.12.3.rel1.win32_1.0.200.202406191623/tools/bin/../lib/gcc/arm-none-eabi/12.3.1/../../../../arm-none-eabi/lib/thumb/v7-m/nofp\libc_nano.a(libc_a-memchr-stub.o)
                0x08008bd0                memchr
 .text._realloc_r
                0x08008bec       0x5c D:/STM32_project/STM32CubeIDE_1.16.1/STM32CubeIDE/plugins/com.st.stm32cube.ide.mcu.externaltools.gnu-tools-for-stm32.12.3.rel1.win32_1.0.200.202406191623/tools/bin/../lib/gcc/arm-none-eabi/12.3.1/../../../../arm-none-eabi/lib/thumb/v7-m/nofp\libc_nano.a(libc_a-reallocr.o)
                0x08008bec                _realloc_r
 .text._malloc_usable_size_r
                0x08008c48       0x10 D:/STM32_project/STM32CubeIDE_1.16.1/STM32CubeIDE/plugins/com.st.stm32cube.ide.mcu.externaltools.gnu-tools-for-stm32.12.3.rel1.win32_1.0.200.202406191623/tools/bin/../lib/gcc/arm-none-eabi/12.3.1/../../../../arm-none-eabi/lib/thumb/v7-m/nofp\libc_nano.a(libc_a-msizer.o)
                0x08008c48                _malloc_usable_size_r
 *(.glue_7)
 .glue_7        0x08008c58        0x0 linker stubs
 *(.glue_7t)
 .glue_7t       0x08008c58        0x0 linker stubs
 *(.eh_frame)
 .eh_frame      0x08008c58        0x0 D:/STM32_project/STM32CubeIDE_1.16.1/STM32CubeIDE/plugins/com.st.stm32cube.ide.mcu.externaltools.gnu-tools-for-stm32.12.3.rel1.win32_1.0.200.202406191623/tools/bin/../lib/gcc/arm-none-eabi/12.3.1/thumb/v7-m/nofp/crtbegin.o
 *(.init)
 .init          0x08008c58        0x4 D:/STM32_project/STM32CubeIDE_1.16.1/STM32CubeIDE/plugins/com.st.stm32cube.ide.mcu.externaltools.gnu-tools-for-stm32.12.3.rel1.win32_1.0.200.202406191623/tools/bin/../lib/gcc/arm-none-eabi/12.3.1/thumb/v7-m/nofp/crti.o
                0x08008c58                _init
 .init          0x08008c5c        0x8 D:/STM32_project/STM32CubeIDE_1.16.1/STM32CubeIDE/plugins/com.st.stm32cube.ide.mcu.externaltools.gnu-tools-for-stm32.12.3.rel1.win32_1.0.200.202406191623/tools/bin/../lib/gcc/arm-none-eabi/12.3.1/thumb/v7-m/nofp/crtn.o
 *(.fini)
 .fini          0x08008c64        0x4 D:/STM32_project/STM32CubeIDE_1.16.1/STM32CubeIDE/plugins/com.st.stm32cube.ide.mcu.externaltools.gnu-tools-for-stm32.12.3.rel1.win32_1.0.200.202406191623/tools/bin/../lib/gcc/arm-none-eabi/12.3.1/thumb/v7-m/nofp/crti.o
                0x08008c64                _fini
 .fini          0x08008c68        0x8 D:/STM32_project/STM32CubeIDE_1.16.1/STM32CubeIDE/plugins/com.st.stm32cube.ide.mcu.externaltools.gnu-tools-for-stm32.12.3.rel1.win32_1.0.200.202406191623/tools/bin/../lib/gcc/arm-none-eabi/12.3.1/thumb/v7-m/nofp/crtn.o
                0x08008c70                        . = ALIGN (0x4)
                0x08008c70                        _etext = .

.vfp11_veneer   0x08008c70        0x0
 .vfp11_veneer  0x08008c70        0x0 linker stubs

.v4_bx          0x08008c70        0x0
 .v4_bx         0x08008c70        0x0 linker stubs

.iplt           0x08008c70        0x0
 .iplt          0x08008c70        0x0 D:/STM32_project/STM32CubeIDE_1.16.1/STM32CubeIDE/plugins/com.st.stm32cube.ide.mcu.externaltools.gnu-tools-for-stm32.12.3.rel1.win32_1.0.200.202406191623/tools/bin/../lib/gcc/arm-none-eabi/12.3.1/thumb/v7-m/nofp/crtbegin.o

.rodata         0x08008c70      0x214
                0x08008c70                        . = ALIGN (0x4)
 *(.rodata)
 .rodata        0x08008c70       0x2c ./Core/Hardware/ state_machine.o
 .rodata        0x08008c9c       0xa1 ./Core/Hardware/Key.o
 *fill*         0x08008d3d        0x3 
 .rodata        0x08008d40       0x85 ./Core/Hardware/TOF050C.o
 *fill*         0x08008dc5        0x3 
 .rodata        0x08008dc8       0x1a ./Core/Hardware/usart_with_zdt.o
 *fill*         0x08008de2        0x2 
 .rodata        0x08008de4       0x35 ./Core/Src/main.o
 *(.rodata*)
 *fill*         0x08008e19        0x3 
 .rodata.ScalerValues
                0x08008e1c        0x8 ./Core/Hardware/TOF050C.o
                0x08008e1c                ScalerValues
 .rodata.AHBPrescTable
                0x08008e24       0x10 ./Core/Src/system_stm32f1xx.o
                0x08008e24                AHBPrescTable
 .rodata.APBPrescTable
                0x08008e34        0x8 ./Core/Src/system_stm32f1xx.o
                0x08008e34                APBPrescTable
 .rodata.aPLLMULFactorTable.1
                0x08008e3c       0x10 ./Drivers/STM32F1xx_HAL_Driver/Src/stm32f1xx_hal_rcc.o
 .rodata.aPredivFactorTable.0
                0x08008e4c        0x2 ./Drivers/STM32F1xx_HAL_Driver/Src/stm32f1xx_hal_rcc.o
 .rodata._svfprintf_r.str1.1
                0x08008e4e       0x11 D:/STM32_project/STM32CubeIDE_1.16.1/STM32CubeIDE/plugins/com.st.stm32cube.ide.mcu.externaltools.gnu-tools-for-stm32.12.3.rel1.win32_1.0.200.202406191623/tools/bin/../lib/gcc/arm-none-eabi/12.3.1/../../../../arm-none-eabi/lib/thumb/v7-m/nofp\libc_nano.a(libc_a-nano-svfprintf.o)
 .rodata._vfprintf_r.str1.1
                0x08008e5f       0x11 D:/STM32_project/STM32CubeIDE_1.16.1/STM32CubeIDE/plugins/com.st.stm32cube.ide.mcu.externaltools.gnu-tools-for-stm32.12.3.rel1.win32_1.0.200.202406191623/tools/bin/../lib/gcc/arm-none-eabi/12.3.1/../../../../arm-none-eabi/lib/thumb/v7-m/nofp\libc_nano.a(libc_a-nano-vfprintf.o)
 .rodata._printf_i.str1.1
                0x08008e5f       0x22 D:/STM32_project/STM32CubeIDE_1.16.1/STM32CubeIDE/plugins/com.st.stm32cube.ide.mcu.externaltools.gnu-tools-for-stm32.12.3.rel1.win32_1.0.200.202406191623/tools/bin/../lib/gcc/arm-none-eabi/12.3.1/../../../../arm-none-eabi/lib/thumb/v7-m/nofp\libc_nano.a(libc_a-nano-vfprintf_i.o)
                0x08008e84                        . = ALIGN (0x4)
 *fill*         0x08008e81        0x3 

.ARM.extab      0x08008e84        0x0
                0x08008e84                        . = ALIGN (0x4)
 *(.ARM.extab* .gnu.linkonce.armextab.*)
                0x08008e84                        . = ALIGN (0x4)

.ARM            0x08008e84        0x0
                0x08008e84                        . = ALIGN (0x4)
                0x08008e84                        __exidx_start = .
 *(.ARM.exidx*)
                0x08008e84                        __exidx_end = .
                0x08008e84                        . = ALIGN (0x4)

.preinit_array  0x08008e84        0x0
                0x08008e84                        . = ALIGN (0x4)
                0x08008e84                        PROVIDE (__preinit_array_start = .)
 *(.preinit_array*)
                0x08008e84                        PROVIDE (__preinit_array_end = .)
                0x08008e84                        . = ALIGN (0x4)

.init_array     0x08008e84        0x4
                0x08008e84                        . = ALIGN (0x4)
                0x08008e84                        PROVIDE (__init_array_start = .)
 *(SORT_BY_NAME(.init_array.*))
 *(.init_array*)
 .init_array    0x08008e84        0x4 D:/STM32_project/STM32CubeIDE_1.16.1/STM32CubeIDE/plugins/com.st.stm32cube.ide.mcu.externaltools.gnu-tools-for-stm32.12.3.rel1.win32_1.0.200.202406191623/tools/bin/../lib/gcc/arm-none-eabi/12.3.1/thumb/v7-m/nofp/crtbegin.o
                0x08008e88                        PROVIDE (__init_array_end = .)
                0x08008e88                        . = ALIGN (0x4)

.fini_array     0x08008e88        0x4
                0x08008e88                        . = ALIGN (0x4)
                [!provide]                        PROVIDE (__fini_array_start = .)
 *(SORT_BY_NAME(.fini_array.*))
 *(.fini_array*)
 .fini_array    0x08008e88        0x4 D:/STM32_project/STM32CubeIDE_1.16.1/STM32CubeIDE/plugins/com.st.stm32cube.ide.mcu.externaltools.gnu-tools-for-stm32.12.3.rel1.win32_1.0.200.202406191623/tools/bin/../lib/gcc/arm-none-eabi/12.3.1/thumb/v7-m/nofp/crtbegin.o
                [!provide]                        PROVIDE (__fini_array_end = .)
                0x08008e8c                        . = ALIGN (0x4)
                0x08008e8c                        _sidata = LOADADDR (.data)

.rel.dyn        0x08008e8c        0x0
 .rel.iplt      0x08008e8c        0x0 D:/STM32_project/STM32CubeIDE_1.16.1/STM32CubeIDE/plugins/com.st.stm32cube.ide.mcu.externaltools.gnu-tools-for-stm32.12.3.rel1.win32_1.0.200.202406191623/tools/bin/../lib/gcc/arm-none-eabi/12.3.1/thumb/v7-m/nofp/crtbegin.o

.data           0x20000000       0x68 load address 0x08008e8c
                0x20000000                        . = ALIGN (0x4)
                0x20000000                        _sdata = .
 *(.data)
 *(.data*)
 .data.SystemCoreClock
                0x20000000        0x4 ./Core/Src/system_stm32f1xx.o
                0x20000000                SystemCoreClock
 .data.uwTickPrio
                0x20000004        0x4 ./Drivers/STM32F1xx_HAL_Driver/Src/stm32f1xx_hal.o
                0x20000004                uwTickPrio
 .data.uwTickFreq
                0x20000008        0x1 ./Drivers/STM32F1xx_HAL_Driver/Src/stm32f1xx_hal.o
                0x20000008                uwTickFreq
 *fill*         0x20000009        0x3 
 .data.__sglue  0x2000000c        0xc D:/STM32_project/STM32CubeIDE_1.16.1/STM32CubeIDE/plugins/com.st.stm32cube.ide.mcu.externaltools.gnu-tools-for-stm32.12.3.rel1.win32_1.0.200.202406191623/tools/bin/../lib/gcc/arm-none-eabi/12.3.1/../../../../arm-none-eabi/lib/thumb/v7-m/nofp\libc_nano.a(libc_a-findfp.o)
                0x2000000c                __sglue
 .data._impure_ptr
                0x20000018        0x4 D:/STM32_project/STM32CubeIDE_1.16.1/STM32CubeIDE/plugins/com.st.stm32cube.ide.mcu.externaltools.gnu-tools-for-stm32.12.3.rel1.win32_1.0.200.202406191623/tools/bin/../lib/gcc/arm-none-eabi/12.3.1/../../../../arm-none-eabi/lib/thumb/v7-m/nofp\libc_nano.a(libc_a-impure.o)
                0x20000018                _impure_ptr
 .data._impure_data
                0x2000001c       0x4c D:/STM32_project/STM32CubeIDE_1.16.1/STM32CubeIDE/plugins/com.st.stm32cube.ide.mcu.externaltools.gnu-tools-for-stm32.12.3.rel1.win32_1.0.200.202406191623/tools/bin/../lib/gcc/arm-none-eabi/12.3.1/../../../../arm-none-eabi/lib/thumb/v7-m/nofp\libc_nano.a(libc_a-impure.o)
                0x2000001c                _impure_data
 *(.RamFunc)
 *(.RamFunc*)
                0x20000068                        . = ALIGN (0x4)
                0x20000068                        _edata = .

.igot.plt       0x20000068        0x0 load address 0x08008ef4
 .igot.plt      0x20000068        0x0 D:/STM32_project/STM32CubeIDE_1.16.1/STM32CubeIDE/plugins/com.st.stm32cube.ide.mcu.externaltools.gnu-tools-for-stm32.12.3.rel1.win32_1.0.200.202406191623/tools/bin/../lib/gcc/arm-none-eabi/12.3.1/thumb/v7-m/nofp/crtbegin.o
                0x20000068                        . = ALIGN (0x4)

.bss            0x20000068      0xd40 load address 0x08008ef4
                0x20000068                        _sbss = .
                0x20000068                        __bss_start__ = _sbss
 *(.bss)
 .bss           0x20000068       0x1c D:/STM32_project/STM32CubeIDE_1.16.1/STM32CubeIDE/plugins/com.st.stm32cube.ide.mcu.externaltools.gnu-tools-for-stm32.12.3.rel1.win32_1.0.200.202406191623/tools/bin/../lib/gcc/arm-none-eabi/12.3.1/thumb/v7-m/nofp/crtbegin.o
 *(.bss*)
 .bss.my_state_machine
                0x20000084       0x28 ./Core/Hardware/ state_machine.o
                0x20000084                my_state_machine
 .bss.global_state
                0x200000ac        0x1 ./Core/Hardware/ state_machine.o
                0x200000ac                global_state
 *fill*         0x200000ad        0x3 
 .bss.Static_Time.1
                0x200000b0        0x4 ./Core/Hardware/ state_machine.o
 .bss.encoder.0
                0x200000b4        0x2 ./Core/Hardware/ state_machine.o
 *fill*         0x200000b6        0x2 
 .bss.key_param
                0x200000b8       0x60 ./Core/Hardware/Key.o
                0x200000b8                key_param
 .bss.i.1       0x20000118        0x1 ./Core/Hardware/Key.o
 .bss.i.0       0x20000119        0x1 ./Core/Hardware/Key.o
 .bss.ptp_offset
                0x2000011a        0x1 ./Core/Hardware/TOF050C.o
                0x2000011a                ptp_offset
 .bss.scaling   0x2000011b        0x1 ./Core/Hardware/TOF050C.o
                0x2000011b                scaling
 .bss.io_timeout
                0x2000011c        0x2 ./Core/Hardware/TOF050C.o
                0x2000011c                io_timeout
 .bss.timeoutcnt
                0x2000011e        0x2 ./Core/Hardware/TOF050C.o
                0x2000011e                timeoutcnt
 .bss.pulse_count
                0x20000120        0x2 ./Core/Hardware/motor.o
                0x20000120                pulse_count
 *fill*         0x20000122        0x2 
 .bss.my_pid    0x20000124       0x18 ./Core/Hardware/pid.o
                0x20000124                my_pid
 .bss.rxFIFO    0x2000013c      0x7d3 ./Core/Hardware/usart_with_zdt.o
                0x2000013c                rxFIFO
 *fill*         0x2000090f        0x1 
 .bss.hadc1     0x20000910       0x30 ./Core/Src/adc.o
                0x20000910                hadc1
 .bss.hdma_adc1
                0x20000940       0x44 ./Core/Src/adc.o
                0x20000940                hdma_adc1
 .bss.hi2c1     0x20000984       0x54 ./Core/Src/i2c.o
                0x20000984                hi2c1
 .bss.hi2c2     0x200009d8       0x54 ./Core/Src/i2c.o
                0x200009d8                hi2c2
 .bss.send_buffer
                0x20000a2c       0x80 ./Core/Src/main.o
                0x20000a2c                send_buffer
 .bss.__sbrk_heap_end
                0x20000aac        0x4 ./Core/Src/sysmem.o
 .bss.htim1     0x20000ab0       0x48 ./Core/Src/tim.o
                0x20000ab0                htim1
 .bss.htim2     0x20000af8       0x48 ./Core/Src/tim.o
                0x20000af8                htim2
 .bss.htim3     0x20000b40       0x48 ./Core/Src/tim.o
                0x20000b40                htim3
 .bss.huart1    0x20000b88       0x48 ./Core/Src/usart.o
                0x20000b88                huart1
 .bss.hdma_usart1_rx
                0x20000bd0       0x44 ./Core/Src/usart.o
                0x20000bd0                hdma_usart1_rx
 .bss.hdma_usart1_tx
                0x20000c14       0x44 ./Core/Src/usart.o
                0x20000c14                hdma_usart1_tx
 .bss.uwTick    0x20000c58        0x4 ./Drivers/STM32F1xx_HAL_Driver/Src/stm32f1xx_hal.o
                0x20000c58                uwTick
 .bss.__sf      0x20000c5c      0x138 D:/STM32_project/STM32CubeIDE_1.16.1/STM32CubeIDE/plugins/com.st.stm32cube.ide.mcu.externaltools.gnu-tools-for-stm32.12.3.rel1.win32_1.0.200.202406191623/tools/bin/../lib/gcc/arm-none-eabi/12.3.1/../../../../arm-none-eabi/lib/thumb/v7-m/nofp\libc_nano.a(libc_a-findfp.o)
                0x20000c5c                __sf
 .bss.__stdio_exit_handler
                0x20000d94        0x4 D:/STM32_project/STM32CubeIDE_1.16.1/STM32CubeIDE/plugins/com.st.stm32cube.ide.mcu.externaltools.gnu-tools-for-stm32.12.3.rel1.win32_1.0.200.202406191623/tools/bin/../lib/gcc/arm-none-eabi/12.3.1/../../../../arm-none-eabi/lib/thumb/v7-m/nofp\libc_nano.a(libc_a-findfp.o)
                0x20000d94                __stdio_exit_handler
 .bss.errno     0x20000d98        0x4 D:/STM32_project/STM32CubeIDE_1.16.1/STM32CubeIDE/plugins/com.st.stm32cube.ide.mcu.externaltools.gnu-tools-for-stm32.12.3.rel1.win32_1.0.200.202406191623/tools/bin/../lib/gcc/arm-none-eabi/12.3.1/../../../../arm-none-eabi/lib/thumb/v7-m/nofp\libc_nano.a(libc_a-reent.o)
                0x20000d98                errno
 .bss.__lock___malloc_recursive_mutex
                0x20000d9c        0x1 D:/STM32_project/STM32CubeIDE_1.16.1/STM32CubeIDE/plugins/com.st.stm32cube.ide.mcu.externaltools.gnu-tools-for-stm32.12.3.rel1.win32_1.0.200.202406191623/tools/bin/../lib/gcc/arm-none-eabi/12.3.1/../../../../arm-none-eabi/lib/thumb/v7-m/nofp\libc_nano.a(libc_a-lock.o)
                0x20000d9c                __lock___malloc_recursive_mutex
 .bss.__lock___sfp_recursive_mutex
                0x20000d9d        0x1 D:/STM32_project/STM32CubeIDE_1.16.1/STM32CubeIDE/plugins/com.st.stm32cube.ide.mcu.externaltools.gnu-tools-for-stm32.12.3.rel1.win32_1.0.200.202406191623/tools/bin/../lib/gcc/arm-none-eabi/12.3.1/../../../../arm-none-eabi/lib/thumb/v7-m/nofp\libc_nano.a(libc_a-lock.o)
                0x20000d9d                __lock___sfp_recursive_mutex
 *fill*         0x20000d9e        0x2 
 .bss.__malloc_sbrk_start
                0x20000da0        0x4 D:/STM32_project/STM32CubeIDE_1.16.1/STM32CubeIDE/plugins/com.st.stm32cube.ide.mcu.externaltools.gnu-tools-for-stm32.12.3.rel1.win32_1.0.200.202406191623/tools/bin/../lib/gcc/arm-none-eabi/12.3.1/../../../../arm-none-eabi/lib/thumb/v7-m/nofp\libc_nano.a(libc_a-mallocr.o)
                0x20000da0                __malloc_sbrk_start
 .bss.__malloc_free_list
                0x20000da4        0x4 D:/STM32_project/STM32CubeIDE_1.16.1/STM32CubeIDE/plugins/com.st.stm32cube.ide.mcu.externaltools.gnu-tools-for-stm32.12.3.rel1.win32_1.0.200.202406191623/tools/bin/../lib/gcc/arm-none-eabi/12.3.1/../../../../arm-none-eabi/lib/thumb/v7-m/nofp\libc_nano.a(libc_a-mallocr.o)
                0x20000da4                __malloc_free_list
 *(COMMON)
                0x20000da8                        . = ALIGN (0x4)
                0x20000da8                        _ebss = .
                0x20000da8                        __bss_end__ = _ebss

._user_heap_stack
                0x20000da8      0x600 load address 0x08008ef4
                0x20000da8                        . = ALIGN (0x8)
                [!provide]                        PROVIDE (end = .)
                0x20000da8                        PROVIDE (_end = .)
                0x20000fa8                        . = (. + _Min_Heap_Size)
 *fill*         0x20000da8      0x200 
                0x200013a8                        . = (. + _Min_Stack_Size)
 *fill*         0x20000fa8      0x400 
                0x200013a8                        . = ALIGN (0x8)

/DISCARD/
 libc.a(*)
 libm.a(*)
 libgcc.a(*)

.ARM.attributes
                0x00000000       0x29
 *(.ARM.attributes)
 .ARM.attributes
                0x00000000       0x1d D:/STM32_project/STM32CubeIDE_1.16.1/STM32CubeIDE/plugins/com.st.stm32cube.ide.mcu.externaltools.gnu-tools-for-stm32.12.3.rel1.win32_1.0.200.202406191623/tools/bin/../lib/gcc/arm-none-eabi/12.3.1/thumb/v7-m/nofp/crti.o
 .ARM.attributes
                0x0000001d       0x2d D:/STM32_project/STM32CubeIDE_1.16.1/STM32CubeIDE/plugins/com.st.stm32cube.ide.mcu.externaltools.gnu-tools-for-stm32.12.3.rel1.win32_1.0.200.202406191623/tools/bin/../lib/gcc/arm-none-eabi/12.3.1/thumb/v7-m/nofp/crtbegin.o
 .ARM.attributes
                0x0000004a       0x2d ./Core/Hardware/ state_machine.o
 .ARM.attributes
                0x00000077       0x2d ./Core/Hardware/Encoder.o
 .ARM.attributes
                0x000000a4       0x2d ./Core/Hardware/Key.o
 .ARM.attributes
                0x000000d1       0x2d ./Core/Hardware/TOF050C.o
 .ARM.attributes
                0x000000fe       0x2d ./Core/Hardware/motor.o
 .ARM.attributes
                0x0000012b       0x2d ./Core/Hardware/pid.o
 .ARM.attributes
                0x00000158       0x2d ./Core/Hardware/usart_with_zdt.o
 .ARM.attributes
                0x00000185       0x2d ./Core/Src/adc.o
 .ARM.attributes
                0x000001b2       0x2d ./Core/Src/dma.o
 .ARM.attributes
                0x000001df       0x2d ./Core/Src/gpio.o
 .ARM.attributes
                0x0000020c       0x2d ./Core/Src/i2c.o
 .ARM.attributes
                0x00000239       0x2d ./Core/Src/main.o
 .ARM.attributes
                0x00000266       0x2d ./Core/Src/stm32f1xx_hal_msp.o
 .ARM.attributes
                0x00000293       0x2d ./Core/Src/stm32f1xx_it.o
 .ARM.attributes
                0x000002c0       0x2d ./Core/Src/syscalls.o
 .ARM.attributes
                0x000002ed       0x2d ./Core/Src/sysmem.o
 .ARM.attributes
                0x0000031a       0x2d ./Core/Src/system_stm32f1xx.o
 .ARM.attributes
                0x00000347       0x2d ./Core/Src/tim.o
 .ARM.attributes
                0x00000374       0x2d ./Core/Src/usart.o
 .ARM.attributes
                0x000003a1       0x21 ./Core/Startup/startup_stm32f103c8tx.o
 .ARM.attributes
                0x000003c2       0x2d ./Drivers/STM32F1xx_HAL_Driver/Src/stm32f1xx_hal.o
 .ARM.attributes
                0x000003ef       0x2d ./Drivers/STM32F1xx_HAL_Driver/Src/stm32f1xx_hal_adc.o
 .ARM.attributes
                0x0000041c       0x2d ./Drivers/STM32F1xx_HAL_Driver/Src/stm32f1xx_hal_cortex.o
 .ARM.attributes
                0x00000449       0x2d ./Drivers/STM32F1xx_HAL_Driver/Src/stm32f1xx_hal_dma.o
 .ARM.attributes
                0x00000476       0x2d ./Drivers/STM32F1xx_HAL_Driver/Src/stm32f1xx_hal_gpio.o
 .ARM.attributes
                0x000004a3       0x2d ./Drivers/STM32F1xx_HAL_Driver/Src/stm32f1xx_hal_i2c.o
 .ARM.attributes
                0x000004d0       0x2d ./Drivers/STM32F1xx_HAL_Driver/Src/stm32f1xx_hal_rcc.o
 .ARM.attributes
                0x000004fd       0x2d ./Drivers/STM32F1xx_HAL_Driver/Src/stm32f1xx_hal_rcc_ex.o
 .ARM.attributes
                0x0000052a       0x2d ./Drivers/STM32F1xx_HAL_Driver/Src/stm32f1xx_hal_tim.o
 .ARM.attributes
                0x00000557       0x2d ./Drivers/STM32F1xx_HAL_Driver/Src/stm32f1xx_hal_tim_ex.o
 .ARM.attributes
                0x00000584       0x2d ./Drivers/STM32F1xx_HAL_Driver/Src/stm32f1xx_hal_uart.o
 .ARM.attributes
                0x000005b1       0x2d D:/STM32_project/STM32CubeIDE_1.16.1/STM32CubeIDE/plugins/com.st.stm32cube.ide.mcu.externaltools.gnu-tools-for-stm32.12.3.rel1.win32_1.0.200.202406191623/tools/bin/../lib/gcc/arm-none-eabi/12.3.1/../../../../arm-none-eabi/lib/thumb/v7-m/nofp\libc_nano.a(libc_a-findfp.o)
 .ARM.attributes
                0x000005de       0x2d D:/STM32_project/STM32CubeIDE_1.16.1/STM32CubeIDE/plugins/com.st.stm32cube.ide.mcu.externaltools.gnu-tools-for-stm32.12.3.rel1.win32_1.0.200.202406191623/tools/bin/../lib/gcc/arm-none-eabi/12.3.1/../../../../arm-none-eabi/lib/thumb/v7-m/nofp\libc_nano.a(libc_a-fwalk.o)
 .ARM.attributes
                0x0000060b       0x2d D:/STM32_project/STM32CubeIDE_1.16.1/STM32CubeIDE/plugins/com.st.stm32cube.ide.mcu.externaltools.gnu-tools-for-stm32.12.3.rel1.win32_1.0.200.202406191623/tools/bin/../lib/gcc/arm-none-eabi/12.3.1/../../../../arm-none-eabi/lib/thumb/v7-m/nofp\libc_nano.a(libc_a-printf.o)
 .ARM.attributes
                0x00000638       0x2d D:/STM32_project/STM32CubeIDE_1.16.1/STM32CubeIDE/plugins/com.st.stm32cube.ide.mcu.externaltools.gnu-tools-for-stm32.12.3.rel1.win32_1.0.200.202406191623/tools/bin/../lib/gcc/arm-none-eabi/12.3.1/../../../../arm-none-eabi/lib/thumb/v7-m/nofp\libc_nano.a(libc_a-puts.o)
 .ARM.attributes
                0x00000665       0x2d D:/STM32_project/STM32CubeIDE_1.16.1/STM32CubeIDE/plugins/com.st.stm32cube.ide.mcu.externaltools.gnu-tools-for-stm32.12.3.rel1.win32_1.0.200.202406191623/tools/bin/../lib/gcc/arm-none-eabi/12.3.1/../../../../arm-none-eabi/lib/thumb/v7-m/nofp\libc_nano.a(libc_a-stdio.o)
 .ARM.attributes
                0x00000692       0x2d D:/STM32_project/STM32CubeIDE_1.16.1/STM32CubeIDE/plugins/com.st.stm32cube.ide.mcu.externaltools.gnu-tools-for-stm32.12.3.rel1.win32_1.0.200.202406191623/tools/bin/../lib/gcc/arm-none-eabi/12.3.1/../../../../arm-none-eabi/lib/thumb/v7-m/nofp\libc_nano.a(libc_a-vsprintf.o)
 .ARM.attributes
                0x000006bf       0x2d D:/STM32_project/STM32CubeIDE_1.16.1/STM32CubeIDE/plugins/com.st.stm32cube.ide.mcu.externaltools.gnu-tools-for-stm32.12.3.rel1.win32_1.0.200.202406191623/tools/bin/../lib/gcc/arm-none-eabi/12.3.1/../../../../arm-none-eabi/lib/thumb/v7-m/nofp\libc_nano.a(libc_a-wbuf.o)
 .ARM.attributes
                0x000006ec       0x2d D:/STM32_project/STM32CubeIDE_1.16.1/STM32CubeIDE/plugins/com.st.stm32cube.ide.mcu.externaltools.gnu-tools-for-stm32.12.3.rel1.win32_1.0.200.202406191623/tools/bin/../lib/gcc/arm-none-eabi/12.3.1/../../../../arm-none-eabi/lib/thumb/v7-m/nofp\libc_nano.a(libc_a-wsetup.o)
 .ARM.attributes
                0x00000719       0x2d D:/STM32_project/STM32CubeIDE_1.16.1/STM32CubeIDE/plugins/com.st.stm32cube.ide.mcu.externaltools.gnu-tools-for-stm32.12.3.rel1.win32_1.0.200.202406191623/tools/bin/../lib/gcc/arm-none-eabi/12.3.1/../../../../arm-none-eabi/lib/thumb/v7-m/nofp\libc_nano.a(libc_a-memset.o)
 .ARM.attributes
                0x00000746       0x2d D:/STM32_project/STM32CubeIDE_1.16.1/STM32CubeIDE/plugins/com.st.stm32cube.ide.mcu.externaltools.gnu-tools-for-stm32.12.3.rel1.win32_1.0.200.202406191623/tools/bin/../lib/gcc/arm-none-eabi/12.3.1/../../../../arm-none-eabi/lib/thumb/v7-m/nofp\libc_nano.a(libc_a-closer.o)
 .ARM.attributes
                0x00000773       0x2d D:/STM32_project/STM32CubeIDE_1.16.1/STM32CubeIDE/plugins/com.st.stm32cube.ide.mcu.externaltools.gnu-tools-for-stm32.12.3.rel1.win32_1.0.200.202406191623/tools/bin/../lib/gcc/arm-none-eabi/12.3.1/../../../../arm-none-eabi/lib/thumb/v7-m/nofp\libc_nano.a(libc_a-reent.o)
 .ARM.attributes
                0x000007a0       0x2d D:/STM32_project/STM32CubeIDE_1.16.1/STM32CubeIDE/plugins/com.st.stm32cube.ide.mcu.externaltools.gnu-tools-for-stm32.12.3.rel1.win32_1.0.200.202406191623/tools/bin/../lib/gcc/arm-none-eabi/12.3.1/../../../../arm-none-eabi/lib/thumb/v7-m/nofp\libc_nano.a(libc_a-impure.o)
 .ARM.attributes
                0x000007cd       0x2d D:/STM32_project/STM32CubeIDE_1.16.1/STM32CubeIDE/plugins/com.st.stm32cube.ide.mcu.externaltools.gnu-tools-for-stm32.12.3.rel1.win32_1.0.200.202406191623/tools/bin/../lib/gcc/arm-none-eabi/12.3.1/../../../../arm-none-eabi/lib/thumb/v7-m/nofp\libc_nano.a(libc_a-lseekr.o)
 .ARM.attributes
                0x000007fa       0x2d D:/STM32_project/STM32CubeIDE_1.16.1/STM32CubeIDE/plugins/com.st.stm32cube.ide.mcu.externaltools.gnu-tools-for-stm32.12.3.rel1.win32_1.0.200.202406191623/tools/bin/../lib/gcc/arm-none-eabi/12.3.1/../../../../arm-none-eabi/lib/thumb/v7-m/nofp\libc_nano.a(libc_a-readr.o)
 .ARM.attributes
                0x00000827       0x2d D:/STM32_project/STM32CubeIDE_1.16.1/STM32CubeIDE/plugins/com.st.stm32cube.ide.mcu.externaltools.gnu-tools-for-stm32.12.3.rel1.win32_1.0.200.202406191623/tools/bin/../lib/gcc/arm-none-eabi/12.3.1/../../../../arm-none-eabi/lib/thumb/v7-m/nofp\libc_nano.a(libc_a-writer.o)
 .ARM.attributes
                0x00000854       0x2d D:/STM32_project/STM32CubeIDE_1.16.1/STM32CubeIDE/plugins/com.st.stm32cube.ide.mcu.externaltools.gnu-tools-for-stm32.12.3.rel1.win32_1.0.200.202406191623/tools/bin/../lib/gcc/arm-none-eabi/12.3.1/../../../../arm-none-eabi/lib/thumb/v7-m/nofp\libc_nano.a(libc_a-errno.o)
 .ARM.attributes
                0x00000881       0x2d D:/STM32_project/STM32CubeIDE_1.16.1/STM32CubeIDE/plugins/com.st.stm32cube.ide.mcu.externaltools.gnu-tools-for-stm32.12.3.rel1.win32_1.0.200.202406191623/tools/bin/../lib/gcc/arm-none-eabi/12.3.1/../../../../arm-none-eabi/lib/thumb/v7-m/nofp\libc_nano.a(libc_a-init.o)
 .ARM.attributes
                0x000008ae       0x2d D:/STM32_project/STM32CubeIDE_1.16.1/STM32CubeIDE/plugins/com.st.stm32cube.ide.mcu.externaltools.gnu-tools-for-stm32.12.3.rel1.win32_1.0.200.202406191623/tools/bin/../lib/gcc/arm-none-eabi/12.3.1/../../../../arm-none-eabi/lib/thumb/v7-m/nofp\libc_nano.a(libc_a-lock.o)
 .ARM.attributes
                0x000008db       0x2d D:/STM32_project/STM32CubeIDE_1.16.1/STM32CubeIDE/plugins/com.st.stm32cube.ide.mcu.externaltools.gnu-tools-for-stm32.12.3.rel1.win32_1.0.200.202406191623/tools/bin/../lib/gcc/arm-none-eabi/12.3.1/../../../../arm-none-eabi/lib/thumb/v7-m/nofp\libc_nano.a(libc_a-memcpy-stub.o)
 .ARM.attributes
                0x00000908       0x2d D:/STM32_project/STM32CubeIDE_1.16.1/STM32CubeIDE/plugins/com.st.stm32cube.ide.mcu.externaltools.gnu-tools-for-stm32.12.3.rel1.win32_1.0.200.202406191623/tools/bin/../lib/gcc/arm-none-eabi/12.3.1/../../../../arm-none-eabi/lib/thumb/v7-m/nofp\libc_nano.a(libc_a-freer.o)
 .ARM.attributes
                0x00000935       0x2d D:/STM32_project/STM32CubeIDE_1.16.1/STM32CubeIDE/plugins/com.st.stm32cube.ide.mcu.externaltools.gnu-tools-for-stm32.12.3.rel1.win32_1.0.200.202406191623/tools/bin/../lib/gcc/arm-none-eabi/12.3.1/../../../../arm-none-eabi/lib/thumb/v7-m/nofp\libc_nano.a(libc_a-mallocr.o)
 .ARM.attributes
                0x00000962       0x2d D:/STM32_project/STM32CubeIDE_1.16.1/STM32CubeIDE/plugins/com.st.stm32cube.ide.mcu.externaltools.gnu-tools-for-stm32.12.3.rel1.win32_1.0.200.202406191623/tools/bin/../lib/gcc/arm-none-eabi/12.3.1/../../../../arm-none-eabi/lib/thumb/v7-m/nofp\libc_nano.a(libc_a-mlock.o)
 .ARM.attributes
                0x0000098f       0x2d D:/STM32_project/STM32CubeIDE_1.16.1/STM32CubeIDE/plugins/com.st.stm32cube.ide.mcu.externaltools.gnu-tools-for-stm32.12.3.rel1.win32_1.0.200.202406191623/tools/bin/../lib/gcc/arm-none-eabi/12.3.1/../../../../arm-none-eabi/lib/thumb/v7-m/nofp\libc_nano.a(libc_a-nano-svfprintf.o)
 .ARM.attributes
                0x000009bc       0x2d D:/STM32_project/STM32CubeIDE_1.16.1/STM32CubeIDE/plugins/com.st.stm32cube.ide.mcu.externaltools.gnu-tools-for-stm32.12.3.rel1.win32_1.0.200.202406191623/tools/bin/../lib/gcc/arm-none-eabi/12.3.1/../../../../arm-none-eabi/lib/thumb/v7-m/nofp\libc_nano.a(libc_a-nano-vfprintf.o)
 .ARM.attributes
                0x000009e9       0x2d D:/STM32_project/STM32CubeIDE_1.16.1/STM32CubeIDE/plugins/com.st.stm32cube.ide.mcu.externaltools.gnu-tools-for-stm32.12.3.rel1.win32_1.0.200.202406191623/tools/bin/../lib/gcc/arm-none-eabi/12.3.1/../../../../arm-none-eabi/lib/thumb/v7-m/nofp\libc_nano.a(libc_a-nano-vfprintf_i.o)
 .ARM.attributes
                0x00000a16       0x2d D:/STM32_project/STM32CubeIDE_1.16.1/STM32CubeIDE/plugins/com.st.stm32cube.ide.mcu.externaltools.gnu-tools-for-stm32.12.3.rel1.win32_1.0.200.202406191623/tools/bin/../lib/gcc/arm-none-eabi/12.3.1/../../../../arm-none-eabi/lib/thumb/v7-m/nofp\libc_nano.a(libc_a-fflush.o)
 .ARM.attributes
                0x00000a43       0x2d D:/STM32_project/STM32CubeIDE_1.16.1/STM32CubeIDE/plugins/com.st.stm32cube.ide.mcu.externaltools.gnu-tools-for-stm32.12.3.rel1.win32_1.0.200.202406191623/tools/bin/../lib/gcc/arm-none-eabi/12.3.1/../../../../arm-none-eabi/lib/thumb/v7-m/nofp\libc_nano.a(libc_a-makebuf.o)
 .ARM.attributes
                0x00000a70       0x2d D:/STM32_project/STM32CubeIDE_1.16.1/STM32CubeIDE/plugins/com.st.stm32cube.ide.mcu.externaltools.gnu-tools-for-stm32.12.3.rel1.win32_1.0.200.202406191623/tools/bin/../lib/gcc/arm-none-eabi/12.3.1/../../../../arm-none-eabi/lib/thumb/v7-m/nofp\libc_nano.a(libc_a-memmove.o)
 .ARM.attributes
                0x00000a9d       0x2d D:/STM32_project/STM32CubeIDE_1.16.1/STM32CubeIDE/plugins/com.st.stm32cube.ide.mcu.externaltools.gnu-tools-for-stm32.12.3.rel1.win32_1.0.200.202406191623/tools/bin/../lib/gcc/arm-none-eabi/12.3.1/../../../../arm-none-eabi/lib/thumb/v7-m/nofp\libc_nano.a(libc_a-fstatr.o)
 .ARM.attributes
                0x00000aca       0x2d D:/STM32_project/STM32CubeIDE_1.16.1/STM32CubeIDE/plugins/com.st.stm32cube.ide.mcu.externaltools.gnu-tools-for-stm32.12.3.rel1.win32_1.0.200.202406191623/tools/bin/../lib/gcc/arm-none-eabi/12.3.1/../../../../arm-none-eabi/lib/thumb/v7-m/nofp\libc_nano.a(libc_a-isattyr.o)
 .ARM.attributes
                0x00000af7       0x2d D:/STM32_project/STM32CubeIDE_1.16.1/STM32CubeIDE/plugins/com.st.stm32cube.ide.mcu.externaltools.gnu-tools-for-stm32.12.3.rel1.win32_1.0.200.202406191623/tools/bin/../lib/gcc/arm-none-eabi/12.3.1/../../../../arm-none-eabi/lib/thumb/v7-m/nofp\libc_nano.a(libc_a-sbrkr.o)
 .ARM.attributes
                0x00000b24       0x2d D:/STM32_project/STM32CubeIDE_1.16.1/STM32CubeIDE/plugins/com.st.stm32cube.ide.mcu.externaltools.gnu-tools-for-stm32.12.3.rel1.win32_1.0.200.202406191623/tools/bin/../lib/gcc/arm-none-eabi/12.3.1/../../../../arm-none-eabi/lib/thumb/v7-m/nofp\libc_nano.a(libc_a-memchr-stub.o)
 .ARM.attributes
                0x00000b51       0x2d D:/STM32_project/STM32CubeIDE_1.16.1/STM32CubeIDE/plugins/com.st.stm32cube.ide.mcu.externaltools.gnu-tools-for-stm32.12.3.rel1.win32_1.0.200.202406191623/tools/bin/../lib/gcc/arm-none-eabi/12.3.1/../../../../arm-none-eabi/lib/thumb/v7-m/nofp\libc_nano.a(libc_a-reallocr.o)
 .ARM.attributes
                0x00000b7e       0x2d D:/STM32_project/STM32CubeIDE_1.16.1/STM32CubeIDE/plugins/com.st.stm32cube.ide.mcu.externaltools.gnu-tools-for-stm32.12.3.rel1.win32_1.0.200.202406191623/tools/bin/../lib/gcc/arm-none-eabi/12.3.1/../../../../arm-none-eabi/lib/thumb/v7-m/nofp\libc_nano.a(libc_a-msizer.o)
 .ARM.attributes
                0x00000bab       0x1d D:/STM32_project/STM32CubeIDE_1.16.1/STM32CubeIDE/plugins/com.st.stm32cube.ide.mcu.externaltools.gnu-tools-for-stm32.12.3.rel1.win32_1.0.200.202406191623/tools/bin/../lib/gcc/arm-none-eabi/12.3.1/thumb/v7-m/nofp\libgcc.a(_arm_addsubsf3.o)
 .ARM.attributes
                0x00000bc8       0x1d D:/STM32_project/STM32CubeIDE_1.16.1/STM32CubeIDE/plugins/com.st.stm32cube.ide.mcu.externaltools.gnu-tools-for-stm32.12.3.rel1.win32_1.0.200.202406191623/tools/bin/../lib/gcc/arm-none-eabi/12.3.1/thumb/v7-m/nofp\libgcc.a(_arm_muldivsf3.o)
 .ARM.attributes
                0x00000be5       0x1d D:/STM32_project/STM32CubeIDE_1.16.1/STM32CubeIDE/plugins/com.st.stm32cube.ide.mcu.externaltools.gnu-tools-for-stm32.12.3.rel1.win32_1.0.200.202406191623/tools/bin/../lib/gcc/arm-none-eabi/12.3.1/thumb/v7-m/nofp\libgcc.a(_arm_fixsfsi.o)
 .ARM.attributes
                0x00000c02       0x1d D:/STM32_project/STM32CubeIDE_1.16.1/STM32CubeIDE/plugins/com.st.stm32cube.ide.mcu.externaltools.gnu-tools-for-stm32.12.3.rel1.win32_1.0.200.202406191623/tools/bin/../lib/gcc/arm-none-eabi/12.3.1/thumb/v7-m/nofp\libgcc.a(_arm_fixunssfsi.o)
 .ARM.attributes
                0x00000c1f       0x1d D:/STM32_project/STM32CubeIDE_1.16.1/STM32CubeIDE/plugins/com.st.stm32cube.ide.mcu.externaltools.gnu-tools-for-stm32.12.3.rel1.win32_1.0.200.202406191623/tools/bin/../lib/gcc/arm-none-eabi/12.3.1/thumb/v7-m/nofp/crtn.o
OUTPUT(motor.elf elf32-littlearm)
LOAD linker stubs
LOAD D:/STM32_project/STM32CubeIDE_1.16.1/STM32CubeIDE/plugins/com.st.stm32cube.ide.mcu.externaltools.gnu-tools-for-stm32.12.3.rel1.win32_1.0.200.202406191623/tools/bin/../lib/gcc/arm-none-eabi/12.3.1/../../../../arm-none-eabi/lib/thumb/v7-m/nofp\libc.a
LOAD D:/STM32_project/STM32CubeIDE_1.16.1/STM32CubeIDE/plugins/com.st.stm32cube.ide.mcu.externaltools.gnu-tools-for-stm32.12.3.rel1.win32_1.0.200.202406191623/tools/bin/../lib/gcc/arm-none-eabi/12.3.1/../../../../arm-none-eabi/lib/thumb/v7-m/nofp\libm.a
LOAD D:/STM32_project/STM32CubeIDE_1.16.1/STM32CubeIDE/plugins/com.st.stm32cube.ide.mcu.externaltools.gnu-tools-for-stm32.12.3.rel1.win32_1.0.200.202406191623/tools/bin/../lib/gcc/arm-none-eabi/12.3.1/thumb/v7-m/nofp\libgcc.a

.debug_info     0x00000000    0x15c52
 .debug_info    0x00000000      0x7e9 ./Core/Hardware/ state_machine.o
 .debug_info    0x000007e9      0x6aa ./Core/Hardware/Encoder.o
 .debug_info    0x00000e93      0xb55 ./Core/Hardware/Key.o
 .debug_info    0x000019e8      0xc43 ./Core/Hardware/TOF050C.o
 .debug_info    0x0000262b      0x81b ./Core/Hardware/motor.o
 .debug_info    0x00002e46      0x248 ./Core/Hardware/pid.o
 .debug_info    0x0000308e     0x103a ./Core/Hardware/usart_with_zdt.o
 .debug_info    0x000040c8      0x818 ./Core/Src/adc.o
 .debug_info    0x000048e0      0x2cf ./Core/Src/dma.o
 .debug_info    0x00004baf      0x2b7 ./Core/Src/gpio.o
 .debug_info    0x00004e66      0x8d1 ./Core/Src/i2c.o
 .debug_info    0x00005737      0xe99 ./Core/Src/main.o
 .debug_info    0x000065d0      0x1f1 ./Core/Src/stm32f1xx_hal_msp.o
 .debug_info    0x000067c1      0x9d2 ./Core/Src/stm32f1xx_it.o
 .debug_info    0x00007193      0x6a3 ./Core/Src/syscalls.o