../Core/Hardware/Key.c:16:6:read_key1	16	static
../Core/Hardware/Key.c:23:6:read_key2	8	static
../Core/Hardware/Key.c:30:6:key0_single_click_callback	4	static
../Core/Hardware/Key.c:56:6:key0_double_click_callback	4	static
../Core/Hardware/Key.c:62:6:key0_long_press_callback	4	static
../Core/Hardware/Key.c:87:6:key0_long_release_callback	4	static
../Core/Hardware/Key.c:92:6:key0_short_long_press_callback	4	static
../Core/Hardware/Key.c:97:6:key0_short_long_release_callback	4	static
../Core/Hardware/Key.c:102:6:key0_long_long_press_callback	4	static
../Core/Hardware/Key.c:107:6:key0_long_long_release_callback	4	static
../Core/Hardware/Key.c:112:6:key1_single_click_callback	8	static
../Core/Hardware/Key.c:119:6:key1_double_click_callback	4	static
../Core/Hardware/Key.c:124:6:key1_long_press_callback	4	static
../Core/Hardware/Key.c:129:6:key1_long_release_callback	8	static
../Core/Hardware/Key.c:134:6:key1_short_long_press_callback	8	static
../Core/Hardware/Key.c:139:6:key1_short_long_release_callback	8	static
../Core/Hardware/Key.c:144:6:key1_long_long_press_callback	8	static
../Core/Hardware/Key.c:149:6:key1_long_long_release_callback	8	static
../Core/Hardware/Key.c:154:6:my_key_init	4	static
../Core/Hardware/Key.c:188:6:my_key_scan	16	static
../Core/Hardware/Key.c:423:6:HAL_TIM_PeriodElapsedCallback	16	static
