../Core/Hardware/OLED.c:30:6:OLED_Send	24	static
../Core/Hardware/OLED.c:38:6:OLED_SendCmd	16	static
../Core/Hardware/OLED.c:51:6:OLED_Init	8	static
../Core/Hardware/OLED.c:106:6:OLED_DisPlay_On	8	static
../Core/Hardware/OLED.c:116:6:OLED_DisPlay_Off	8	static
../Core/Hardware/OLED.c:128:6:OLED_SetColorMode	16	static
../Core/Hardware/OLED.c:145:6:OLED_NewFrame	8	static
../Core/Hardware/OLED.c:154:6:OLED_ShowFrame	16	static
../Core/Hardware/OLED.c:174:6:OLED_SetPixel	16	static
../Core/Hardware/OLED.c:200:6:OLED_SetByte_Fine	16	static
../Core/Hardware/OLED.c:226:6:OLED_SetByte	16	static
../Core/Hardware/OLED.c:246:6:OLED_SetBits_Fine	40	static
../Core/Hardware/OLED.c:274:6:OLED_SetBits	40	static
../Core/Hardware/OLED.c:296:6:OLED_SetBlock	40	static
../Core/Hardware/OLED.c:336:6:OLED_DrawLine	40	static
../Core/Hardware/OLED.c:412:6:OLED_DrawRectangle	32	static
../Core/Hardware/OLED.c:428:6:OLED_DrawFilledRectangle	40	static
../Core/Hardware/OLED.c:446:6:OLED_DrawTriangle	32	static
../Core/Hardware/OLED.c:463:6:OLED_DrawFilledTriangle	40	static
../Core/Hardware/OLED.c:503:6:OLED_DrawCircle	32	static
../Core/Hardware/OLED.c:539:6:OLED_DrawFilledCircle	40	static
../Core/Hardware/OLED.c:574:6:OLED_DrawEllipse	56	static
../Core/Hardware/OLED.c:623:6:OLED_DrawImage	32	static
../Core/Hardware/OLED.c:638:6:OLED_PrintASCIIChar	32	static
../Core/Hardware/OLED.c:651:6:OLED_PrintASCIIString	40	static
../Core/Hardware/OLED.c:665:9:_OLED_GetUTF8Len	16	static
../Core/Hardware/OLED.c:710:6:OLED_PrintString	56	static
../Core/Hardware/OLED.c:767:13:OLED_SetCursor	16	static
../Core/Hardware/OLED.c:781:6:OLED_ShowChar	24	static
../Core/Hardware/OLED.c:803:6:OLED_ShowString	24	static
../Core/Hardware/OLED.c:816:17:OLED_Pow	24	static
../Core/Hardware/OLED.c:833:6:OLED_ShowNum	32	static
../Core/Hardware/OLED.c:853:6:OLED_ShowSignedNum	40	static
../Core/Hardware/OLED.c:884:6:OLED_ShowHexNum	24	static
../Core/Hardware/OLED.c:901:6:OLED_format_Show_string	288	static
