../Core/Hardware/ state_machine.c:23:16:Get_Time_Interval	24	static
../Core/Hardware/ state_machine.c:54:13:TOF_pid_proc	16	static
../Core/Hardware/ state_machine.c:82:6:callback_func_0	4	static
../Core/Hardware/ state_machine.c:88:6:callback_func_1	8	static
../Core/Hardware/ state_machine.c:97:6:callback_func_2	8	static
../Core/Hardware/ state_machine.c:107:6:callback_func_3	8	static
../Core/Hardware/ state_machine.c:127:6:callback_func_4	8	static
../Core/Hardware/ state_machine.c:154:6:state_machine_init	4	static
